###############################################################################
#
# IAR ELF Linker V8.32.3.193/W32 for ARM                  08/Nov/2019  18:50:09
# Copyright 2007-2019 IAR Systems AB.
#
#    Output file  =  
#        C:\Users\CkovMk\Documents\GitHub\HTISIC_MK66F18\HITSIC_MK66F18_IAR\boards\HITSIC_MK66F18\__iar\Release\Exe\HITSIC_MK66F18.out
#    Map file     =  
#        C:\Users\CkovMk\Documents\GitHub\HTISIC_MK66F18\HITSIC_MK66F18_IAR\boards\HITSIC_MK66F18\__iar\Release\List\HITSIC_MK66F18.map
#    Command line =  
#        -f C:\Users\CkovMk\AppData\Local\Temp\EW60BA.tmp
#        (C:\Users\CkovMk\Documents\GitHub\HTISIC_MK66F18\HITSIC_MK66F18_IAR\boards\HITSIC_MK66F18\__iar\Release\Obj\app_menu.o
#        C:\Users\CkovMk\Documents\GitHub\HTISIC_MK66F18\HITSIC_MK66F18_IAR\boards\HITSIC_MK66F18\__iar\Release\Obj\app_menu_button.o
#        C:\Users\CkovMk\Documents\GitHub\HTISIC_MK66F18\HITSIC_MK66F18_IAR\boards\HITSIC_MK66F18\__iar\Release\Obj\app_menu_nvm.o
#        C:\Users\CkovMk\Documents\GitHub\HTISIC_MK66F18\HITSIC_MK66F18_IAR\boards\HITSIC_MK66F18\__iar\Release\Obj\app_menu_type.o
#        C:\Users\CkovMk\Documents\GitHub\HTISIC_MK66F18\HITSIC_MK66F18_IAR\boards\HITSIC_MK66F18\__iar\Release\Obj\board.o
#        C:\Users\CkovMk\Documents\GitHub\HTISIC_MK66F18\HITSIC_MK66F18_IAR\boards\HITSIC_MK66F18\__iar\Release\Obj\cJSON.o
#        C:\Users\CkovMk\Documents\GitHub\HTISIC_MK66F18\HITSIC_MK66F18_IAR\boards\HITSIC_MK66F18\__iar\Release\Obj\clock_config.o
#        C:\Users\CkovMk\Documents\GitHub\HTISIC_MK66F18\HITSIC_MK66F18_IAR\boards\HITSIC_MK66F18\__iar\Release\Obj\cm_backtrace.o
#        C:\Users\CkovMk\Documents\GitHub\HTISIC_MK66F18\HITSIC_MK66F18_IAR\boards\HITSIC_MK66F18\__iar\Release\Obj\cmb_fault.o
#        C:\Users\CkovMk\Documents\GitHub\HTISIC_MK66F18\HITSIC_MK66F18_IAR\boards\HITSIC_MK66F18\__iar\Release\Obj\drv_button.o
#        C:\Users\CkovMk\Documents\GitHub\HTISIC_MK66F18\HITSIC_MK66F18_IAR\boards\HITSIC_MK66F18\__iar\Release\Obj\drv_cam.o
#        C:\Users\CkovMk\Documents\GitHub\HTISIC_MK66F18\HITSIC_MK66F18_IAR\boards\HITSIC_MK66F18\__iar\Release\Obj\drv_disp_ssd1306.o
#        C:\Users\CkovMk\Documents\GitHub\HTISIC_MK66F18\HITSIC_MK66F18_IAR\boards\HITSIC_MK66F18\__iar\Release\Obj\drv_ftfx_flash.o
#        C:\Users\CkovMk\Documents\GitHub\HTISIC_MK66F18\HITSIC_MK66F18_IAR\boards\HITSIC_MK66F18\__iar\Release\Obj\drv_imu_invensense.o
#        C:\Users\CkovMk\Documents\GitHub\HTISIC_MK66F18\HITSIC_MK66F18_IAR\boards\HITSIC_MK66F18\__iar\Release\Obj\easyflash.o
#        C:\Users\CkovMk\Documents\GitHub\HTISIC_MK66F18\HITSIC_MK66F18_IAR\boards\HITSIC_MK66F18\__iar\Release\Obj\ef_env.o
#        C:\Users\CkovMk\Documents\GitHub\HTISIC_MK66F18\HITSIC_MK66F18_IAR\boards\HITSIC_MK66F18\__iar\Release\Obj\ef_env_legacy.o
#        C:\Users\CkovMk\Documents\GitHub\HTISIC_MK66F18\HITSIC_MK66F18_IAR\boards\HITSIC_MK66F18\__iar\Release\Obj\ef_env_legacy_wl.o
#        C:\Users\CkovMk\Documents\GitHub\HTISIC_MK66F18\HITSIC_MK66F18_IAR\boards\HITSIC_MK66F18\__iar\Release\Obj\ef_iap.o
#        C:\Users\CkovMk\Documents\GitHub\HTISIC_MK66F18\HITSIC_MK66F18_IAR\boards\HITSIC_MK66F18\__iar\Release\Obj\ef_log.o
#        C:\Users\CkovMk\Documents\GitHub\HTISIC_MK66F18\HITSIC_MK66F18_IAR\boards\HITSIC_MK66F18\__iar\Release\Obj\ef_port.o
#        C:\Users\CkovMk\Documents\GitHub\HTISIC_MK66F18\HITSIC_MK66F18_IAR\boards\HITSIC_MK66F18\__iar\Release\Obj\ef_types.o
#        C:\Users\CkovMk\Documents\GitHub\HTISIC_MK66F18\HITSIC_MK66F18_IAR\boards\HITSIC_MK66F18\__iar\Release\Obj\ef_utils.o
#        C:\Users\CkovMk\Documents\GitHub\HTISIC_MK66F18\HITSIC_MK66F18_IAR\boards\HITSIC_MK66F18\__iar\Release\Obj\fsl_adc16.o
#        C:\Users\CkovMk\Documents\GitHub\HTISIC_MK66F18\HITSIC_MK66F18_IAR\boards\HITSIC_MK66F18\__iar\Release\Obj\fsl_assert.o
#        C:\Users\CkovMk\Documents\GitHub\HTISIC_MK66F18\HITSIC_MK66F18_IAR\boards\HITSIC_MK66F18\__iar\Release\Obj\fsl_cache.o
#        C:\Users\CkovMk\Documents\GitHub\HTISIC_MK66F18\HITSIC_MK66F18_IAR\boards\HITSIC_MK66F18\__iar\Release\Obj\fsl_clock.o
#        C:\Users\CkovMk\Documents\GitHub\HTISIC_MK66F18\HITSIC_MK66F18_IAR\boards\HITSIC_MK66F18\__iar\Release\Obj\fsl_cmp.o
#        C:\Users\CkovMk\Documents\GitHub\HTISIC_MK66F18\HITSIC_MK66F18_IAR\boards\HITSIC_MK66F18\__iar\Release\Obj\fsl_cmt.o
#        C:\Users\CkovMk\Documents\GitHub\HTISIC_MK66F18\HITSIC_MK66F18_IAR\boards\HITSIC_MK66F18\__iar\Release\Obj\fsl_common.o
#        C:\Users\CkovMk\Documents\GitHub\HTISIC_MK66F18\HITSIC_MK66F18_IAR\boards\HITSIC_MK66F18\__iar\Release\Obj\fsl_crc.o
#        C:\Users\CkovMk\Documents\GitHub\HTISIC_MK66F18\HITSIC_MK66F18_IAR\boards\HITSIC_MK66F18\__iar\Release\Obj\fsl_dac.o
#        C:\Users\CkovMk\Documents\GitHub\HTISIC_MK66F18\HITSIC_MK66F18_IAR\boards\HITSIC_MK66F18\__iar\Release\Obj\fsl_debug_console.o
#        C:\Users\CkovMk\Documents\GitHub\HTISIC_MK66F18\HITSIC_MK66F18_IAR\boards\HITSIC_MK66F18\__iar\Release\Obj\fsl_dmamux.o
#        C:\Users\CkovMk\Documents\GitHub\HTISIC_MK66F18\HITSIC_MK66F18_IAR\boards\HITSIC_MK66F18\__iar\Release\Obj\fsl_dspi.o
#        C:\Users\CkovMk\Documents\GitHub\HTISIC_MK66F18\HITSIC_MK66F18_IAR\boards\HITSIC_MK66F18\__iar\Release\Obj\fsl_dspi_edma.o
#        C:\Users\CkovMk\Documents\GitHub\HTISIC_MK66F18\HITSIC_MK66F18_IAR\boards\HITSIC_MK66F18\__iar\Release\Obj\fsl_edma.o
#        C:\Users\CkovMk\Documents\GitHub\HTISIC_MK66F18\HITSIC_MK66F18_IAR\boards\HITSIC_MK66F18\__iar\Release\Obj\fsl_enet.o
#        C:\Users\CkovMk\Documents\GitHub\HTISIC_MK66F18\HITSIC_MK66F18_IAR\boards\HITSIC_MK66F18\__iar\Release\Obj\fsl_ewm.o
#        C:\Users\CkovMk\Documents\GitHub\HTISIC_MK66F18\HITSIC_MK66F18_IAR\boards\HITSIC_MK66F18\__iar\Release\Obj\fsl_flexbus.o
#        C:\Users\CkovMk\Documents\GitHub\HTISIC_MK66F18\HITSIC_MK66F18_IAR\boards\HITSIC_MK66F18\__iar\Release\Obj\fsl_flexcan.o
#        C:\Users\CkovMk\Documents\GitHub\HTISIC_MK66F18\HITSIC_MK66F18_IAR\boards\HITSIC_MK66F18\__iar\Release\Obj\fsl_ftfx_cache.o
#        C:\Users\CkovMk\Documents\GitHub\HTISIC_MK66F18\HITSIC_MK66F18_IAR\boards\HITSIC_MK66F18\__iar\Release\Obj\fsl_ftfx_controller.o
#        C:\Users\CkovMk\Documents\GitHub\HTISIC_MK66F18\HITSIC_MK66F18_IAR\boards\HITSIC_MK66F18\__iar\Release\Obj\fsl_ftfx_flash.o
#        C:\Users\CkovMk\Documents\GitHub\HTISIC_MK66F18\HITSIC_MK66F18_IAR\boards\HITSIC_MK66F18\__iar\Release\Obj\fsl_ftfx_flexnvm.o
#        C:\Users\CkovMk\Documents\GitHub\HTISIC_MK66F18\HITSIC_MK66F18_IAR\boards\HITSIC_MK66F18\__iar\Release\Obj\fsl_ftm.o
#        C:\Users\CkovMk\Documents\GitHub\HTISIC_MK66F18\HITSIC_MK66F18_IAR\boards\HITSIC_MK66F18\__iar\Release\Obj\fsl_gpio.o
#        C:\Users\CkovMk\Documents\GitHub\HTISIC_MK66F18\HITSIC_MK66F18_IAR\boards\HITSIC_MK66F18\__iar\Release\Obj\fsl_i2c.o
#        C:\Users\CkovMk\Documents\GitHub\HTISIC_MK66F18\HITSIC_MK66F18_IAR\boards\HITSIC_MK66F18\__iar\Release\Obj\fsl_i2c_edma.o
#        C:\Users\CkovMk\Documents\GitHub\HTISIC_MK66F18\HITSIC_MK66F18_IAR\boards\HITSIC_MK66F18\__iar\Release\Obj\fsl_llwu.o
#        C:\Users\CkovMk\Documents\GitHub\HTISIC_MK66F18\HITSIC_MK66F18_IAR\boards\HITSIC_MK66F18\__iar\Release\Obj\fsl_lmem_cache.o
#        C:\Users\CkovMk\Documents\GitHub\HTISIC_MK66F18\HITSIC_MK66F18_IAR\boards\HITSIC_MK66F18\__iar\Release\Obj\fsl_lptmr.o
#        C:\Users\CkovMk\Documents\GitHub\HTISIC_MK66F18\HITSIC_MK66F18_IAR\boards\HITSIC_MK66F18\__iar\Release\Obj\fsl_lpuart.o
#        C:\Users\CkovMk\Documents\GitHub\HTISIC_MK66F18\HITSIC_MK66F18_IAR\boards\HITSIC_MK66F18\__iar\Release\Obj\fsl_lpuart_edma.o
#        C:\Users\CkovMk\Documents\GitHub\HTISIC_MK66F18\HITSIC_MK66F18_IAR\boards\HITSIC_MK66F18\__iar\Release\Obj\fsl_notifier.o
#        C:\Users\CkovMk\Documents\GitHub\HTISIC_MK66F18\HITSIC_MK66F18_IAR\boards\HITSIC_MK66F18\__iar\Release\Obj\fsl_pdb.o
#        C:\Users\CkovMk\Documents\GitHub\HTISIC_MK66F18\HITSIC_MK66F18_IAR\boards\HITSIC_MK66F18\__iar\Release\Obj\fsl_pit.o
#        C:\Users\CkovMk\Documents\GitHub\HTISIC_MK66F18\HITSIC_MK66F18_IAR\boards\HITSIC_MK66F18\__iar\Release\Obj\fsl_pmc.o
#        C:\Users\CkovMk\Documents\GitHub\HTISIC_MK66F18\HITSIC_MK66F18_IAR\boards\HITSIC_MK66F18\__iar\Release\Obj\fsl_rcm.o
#        C:\Users\CkovMk\Documents\GitHub\HTISIC_MK66F18\HITSIC_MK66F18_IAR\boards\HITSIC_MK66F18\__iar\Release\Obj\fsl_rnga.o
#        C:\Users\CkovMk\Documents\GitHub\HTISIC_MK66F18\HITSIC_MK66F18_IAR\boards\HITSIC_MK66F18\__iar\Release\Obj\fsl_rtc.o
#        C:\Users\CkovMk\Documents\GitHub\HTISIC_MK66F18\HITSIC_MK66F18_IAR\boards\HITSIC_MK66F18\__iar\Release\Obj\fsl_sai.o
#        C:\Users\CkovMk\Documents\GitHub\HTISIC_MK66F18\HITSIC_MK66F18_IAR\boards\HITSIC_MK66F18\__iar\Release\Obj\fsl_sai_edma.o
#        C:\Users\CkovMk\Documents\GitHub\HTISIC_MK66F18\HITSIC_MK66F18_IAR\boards\HITSIC_MK66F18\__iar\Release\Obj\fsl_sdhc.o
#        C:\Users\CkovMk\Documents\GitHub\HTISIC_MK66F18\HITSIC_MK66F18_IAR\boards\HITSIC_MK66F18\__iar\Release\Obj\fsl_sdramc.o
#        C:\Users\CkovMk\Documents\GitHub\HTISIC_MK66F18\HITSIC_MK66F18_IAR\boards\HITSIC_MK66F18\__iar\Release\Obj\fsl_shell.o
#        C:\Users\CkovMk\Documents\GitHub\HTISIC_MK66F18\HITSIC_MK66F18_IAR\boards\HITSIC_MK66F18\__iar\Release\Obj\fsl_sim.o
#        C:\Users\CkovMk\Documents\GitHub\HTISIC_MK66F18\HITSIC_MK66F18_IAR\boards\HITSIC_MK66F18\__iar\Release\Obj\fsl_smc.o
#        C:\Users\CkovMk\Documents\GitHub\HTISIC_MK66F18\HITSIC_MK66F18_IAR\boards\HITSIC_MK66F18\__iar\Release\Obj\fsl_str.o
#        C:\Users\CkovMk\Documents\GitHub\HTISIC_MK66F18\HITSIC_MK66F18_IAR\boards\HITSIC_MK66F18\__iar\Release\Obj\fsl_sysmpu.o
#        C:\Users\CkovMk\Documents\GitHub\HTISIC_MK66F18\HITSIC_MK66F18_IAR\boards\HITSIC_MK66F18\__iar\Release\Obj\fsl_tpm.o
#        C:\Users\CkovMk\Documents\GitHub\HTISIC_MK66F18\HITSIC_MK66F18_IAR\boards\HITSIC_MK66F18\__iar\Release\Obj\fsl_tsi_v4.o
#        C:\Users\CkovMk\Documents\GitHub\HTISIC_MK66F18\HITSIC_MK66F18_IAR\boards\HITSIC_MK66F18\__iar\Release\Obj\fsl_uart.o
#        C:\Users\CkovMk\Documents\GitHub\HTISIC_MK66F18\HITSIC_MK66F18_IAR\boards\HITSIC_MK66F18\__iar\Release\Obj\fsl_uart_edma.o
#        C:\Users\CkovMk\Documents\GitHub\HTISIC_MK66F18\HITSIC_MK66F18_IAR\boards\HITSIC_MK66F18\__iar\Release\Obj\fsl_vref.o
#        C:\Users\CkovMk\Documents\GitHub\HTISIC_MK66F18\HITSIC_MK66F18_IAR\boards\HITSIC_MK66F18\__iar\Release\Obj\fsl_wdog.o
#        C:\Users\CkovMk\Documents\GitHub\HTISIC_MK66F18\HITSIC_MK66F18_IAR\boards\HITSIC_MK66F18\__iar\Release\Obj\generic_list.o
#        C:\Users\CkovMk\Documents\GitHub\HTISIC_MK66F18\HITSIC_MK66F18_IAR\boards\HITSIC_MK66F18\__iar\Release\Obj\hitsic_common.o
#        C:\Users\CkovMk\Documents\GitHub\HTISIC_MK66F18\HITSIC_MK66F18_IAR\boards\HITSIC_MK66F18\__iar\Release\Obj\hitsic_hal.o
#        C:\Users\CkovMk\Documents\GitHub\HTISIC_MK66F18\HITSIC_MK66F18_IAR\boards\HITSIC_MK66F18\__iar\Release\Obj\lib_list.o
#        C:\Users\CkovMk\Documents\GitHub\HTISIC_MK66F18\HITSIC_MK66F18_IAR\boards\HITSIC_MK66F18\__iar\Release\Obj\main.o
#        C:\Users\CkovMk\Documents\GitHub\HTISIC_MK66F18\HITSIC_MK66F18_IAR\boards\HITSIC_MK66F18\__iar\Release\Obj\peripherals.o
#        C:\Users\CkovMk\Documents\GitHub\HTISIC_MK66F18\HITSIC_MK66F18_IAR\boards\HITSIC_MK66F18\__iar\Release\Obj\pin_mux.o
#        C:\Users\CkovMk\Documents\GitHub\HTISIC_MK66F18\HITSIC_MK66F18_IAR\boards\HITSIC_MK66F18\__iar\Release\Obj\rte_i2c.o
#        C:\Users\CkovMk\Documents\GitHub\HTISIC_MK66F18\HITSIC_MK66F18_IAR\boards\HITSIC_MK66F18\__iar\Release\Obj\rte_softi2c.o
#        C:\Users\CkovMk\Documents\GitHub\HTISIC_MK66F18\HITSIC_MK66F18_IAR\boards\HITSIC_MK66F18\__iar\Release\Obj\rte_spi.o
#        C:\Users\CkovMk\Documents\GitHub\HTISIC_MK66F18\HITSIC_MK66F18_IAR\boards\HITSIC_MK66F18\__iar\Release\Obj\rte_uart.o
#        C:\Users\CkovMk\Documents\GitHub\HTISIC_MK66F18\HITSIC_MK66F18_IAR\boards\HITSIC_MK66F18\__iar\Release\Obj\s2j.o
#        C:\Users\CkovMk\Documents\GitHub\HTISIC_MK66F18\HITSIC_MK66F18_IAR\boards\HITSIC_MK66F18\__iar\Release\Obj\serial_manager.o
#        C:\Users\CkovMk\Documents\GitHub\HTISIC_MK66F18\HITSIC_MK66F18_IAR\boards\HITSIC_MK66F18\__iar\Release\Obj\serial_port_swo.o
#        C:\Users\CkovMk\Documents\GitHub\HTISIC_MK66F18\HITSIC_MK66F18_IAR\boards\HITSIC_MK66F18\__iar\Release\Obj\serial_port_uart.o
#        C:\Users\CkovMk\Documents\GitHub\HTISIC_MK66F18\HITSIC_MK66F18_IAR\boards\HITSIC_MK66F18\__iar\Release\Obj\SmartCar_ADC.o
#        C:\Users\CkovMk\Documents\GitHub\HTISIC_MK66F18\HITSIC_MK66F18_IAR\boards\HITSIC_MK66F18\__iar\Release\Obj\SmartCar_Ftm.o
#        C:\Users\CkovMk\Documents\GitHub\HTISIC_MK66F18\HITSIC_MK66F18_IAR\boards\HITSIC_MK66F18\__iar\Release\Obj\SmartCar_Upload.o
#        C:\Users\CkovMk\Documents\GitHub\HTISIC_MK66F18\HITSIC_MK66F18_IAR\boards\HITSIC_MK66F18\__iar\Release\Obj\SmartCar_Wdog.o
#        C:\Users\CkovMk\Documents\GitHub\HTISIC_MK66F18\HITSIC_MK66F18_IAR\boards\HITSIC_MK66F18\__iar\Release\Obj\startup_MK66F18.o
#        C:\Users\CkovMk\Documents\GitHub\HTISIC_MK66F18\HITSIC_MK66F18_IAR\boards\HITSIC_MK66F18\__iar\Release\Obj\stdafx.o
#        C:\Users\CkovMk\Documents\GitHub\HTISIC_MK66F18\HITSIC_MK66F18_IAR\boards\HITSIC_MK66F18\__iar\Release\Obj\sys_extint.o
#        C:\Users\CkovMk\Documents\GitHub\HTISIC_MK66F18\HITSIC_MK66F18_IAR\boards\HITSIC_MK66F18\__iar\Release\Obj\sys_pitmgr.o
#        C:\Users\CkovMk\Documents\GitHub\HTISIC_MK66F18\HITSIC_MK66F18_IAR\boards\HITSIC_MK66F18\__iar\Release\Obj\sys_uartmgr.o
#        C:\Users\CkovMk\Documents\GitHub\HTISIC_MK66F18\HITSIC_MK66F18_IAR\boards\HITSIC_MK66F18\__iar\Release\Obj\system_MK66F18.o
#        C:\Users\CkovMk\Documents\GitHub\HTISIC_MK66F18\HITSIC_MK66F18_IAR\boards\HITSIC_MK66F18\__iar\Release\Obj\uart_adapter.o
#        --redirect _Printf=_PrintfFull --redirect _Scanf=_ScanfFull
#        --no_out_extension -o
#        C:\Users\CkovMk\Documents\GitHub\HTISIC_MK66F18\HITSIC_MK66F18_IAR\boards\HITSIC_MK66F18\__iar\Release\Exe\HITSIC_MK66F18.out
#        --map
#        C:\Users\CkovMk\Documents\GitHub\HTISIC_MK66F18\HITSIC_MK66F18_IAR\boards\HITSIC_MK66F18\__iar\Release\List\HITSIC_MK66F18.map
#        --config
#        C:\Users\CkovMk\Documents\GitHub\HTISIC_MK66F18\HITSIC_MK66F18_IAR\boards\HITSIC_MK66F18\__iar\MK66FX1M0xxx18_flash.icf
#        --semihosting
#        C:\Users\CkovMk\Documents\GitHub\HTISIC_MK66F18\HITSIC_MK66F18_IAR\boards\HITSIC_MK66F18\__iar\..\..\..\CMSIS_5.6.0\DSP\Lib\IAR\iar_cortexM4lf_math.a
#        --entry __iar_program_start --redirect
#        __iar_sh_stdout=__iar_sh_stdout_swo --inline
#        --merge_duplicate_sections --vfe --text_out locale --advanced_heap)
#
###############################################################################

*******************************************************************************
*** RUNTIME MODEL ATTRIBUTES
***

CppFlavor       = *
__Heap_Handler  = DLMalloc
__SystemLibrary = DLib
__dlib_version  = 6


*******************************************************************************
*** HEAP SELECTION
***

The advanced heap was selected because of --advanced_heap.


*******************************************************************************
*** PLACEMENT SUMMARY
***

"A0":  place at 0x0 { ro section .intvec };
"P1":  place in [from 0x400 to 0x40f] { section FlashConfig };
"P2":  place in [from 0x0 to 0x3ff] |
                [from 0x410 to 0xf'ffff] { ro };
define block RW { rw };
"P3":  place in [from 0x1fff'0000 to 0x1fff'ffff] |
                [from 0x2000'0000 to 0x2002'efff] { block RW };
define block ZI { zi };
"P4":  place in [from 0x1fff'0000 to 0x1fff'ffff] |
                [from 0x2000'0000 to 0x2002'efff] { block ZI };
define block NCACHE_VAR { section NonCacheable, section NonCacheable.init };
"P7":  place in [from 0x1fff'0000 to 0x1fff'ffff] |
                [from 0x2000'0000 to 0x2002'efff] { block NCACHE_VAR };
define block HEAP with size = 64K, alignment = 8 { };
"P5":  place in [from 0x1fff'0000 to 0x1fff'ffff] |
                [from 0x2000'0000 to 0x2002'efff] { last block HEAP };
define block CSTACK with size = 4K, alignment = 8 { };
"P6":  place in [from 0x2002'f000 to 0x2002'ffff] { block CSTACK };
initialize by copy { rw, section .textrw };

No sections matched the following patterns:

  section NonCacheable       in block NCACHE_VAR
  section NonCacheable.init  in block NCACHE_VAR


  Section            Kind         Address     Size  Object
  -------            ----         -------     ----  ------
"A0":                                        0x400
  .intvec            ro code          0x0    0x400  startup_MK66F18.o [1]
                                  - 0x400    0x400

"P1":                                         0x10
  FlashConfig        ro code        0x400     0x10  startup_MK66F18.o [1]
                                  - 0x410     0x10

"P2":                                       0xef36
  .text                             0x410   0xd0ae  <Block>
    .text            ro code        0x410    0x764  app_menu.o [1]
    .text            ro code        0xb74   0x11b8  app_menu_type.o [1]
    .text            ro code       0x1d2c    0x1ec  app_menu_button.o [1]
    .text            ro code       0x1f18     0x3a  ABImemset48.o [5]
    .text            ro code       0x1f52      0x2  startup_MK66F18.o [1]
    .text            ro code       0x1f54    0xa18  drv_disp_ssd1306.o [1]
    .text            ro code       0x296c   0x1520  dlmalloc.o [2]
    .text            ro code       0x3e8c     0x98  app_menu_nvm.o [1]
    .text            ro code       0x3f24    0x3e8  drv_ftfx_flash.o [1]
    .text            ro code       0x430c     0x22  S32ToDbl.o [4]
    .text            ro code       0x432e     0x1a  xsnprout.o [2]
    .text            ro code       0x4348    0x1a2  DblMul.o [4]
    .text            ro code       0x44ea      0xa  xsprout.o [2]
    .text            ro code       0x44f4     0x3a  DblToS32.o [4]
    .text            ro code       0x452e     0x1e  xencoding_8859_1.o [2]
    .text            ro code       0x454c     0x44  snprintf.o [2]
    .text            ro code       0x4590     0x48  FltToDbl.o [4]
    .text            ro code       0x45d8     0x70  strncpy.o [5]
    .text            ro code       0x4648     0x28  strncmp.o [2]
    .text            ro code       0x4670    0x1cc  drv_button.o [1]
    .text            ro code       0x483c    0x214  sys_extint.o [1]
    .text            ro code       0x4a50    0x154  sys_pitmgr.o [1]
    .text            ro code       0x4ba4     0x28  fsl_gpio.o [1]
    .text            ro code       0x4bcc      0x6  abort.o [2]
    .text            ro code       0x4bd2     0x3a  zero_init3.o [5]
    .text            ro code       0x4c0c     0x2c  xgetmemchunk.o [2]
    .text            ro code       0x4c38      0x6  ABImemclr.o [5]
    .text            ro code       0x4c40     0xa6  ABImemcpy.o [5]
    .text            ro code       0x4ce8      0x6  ABImemclr4.o [5]
    .text            ro code       0x4cf0    0x27c  fsl_ftfx_flash.o [1]
    .text            ro code       0x4f6c     0x74  fsl_ftfx_cache.o [1]
    .text            ro code       0x4fe0     0x28  printf.o [2]
    .text            ro code       0x5008     0x20  fsl_cache.o [1]
    .text            ro code       0x5028    0xf46  xprintffull.o [2]
    .text            ro code       0x5f70     0x5e  ABImemset.o [5]
    .text            ro code       0x5fce     0xd8  lib_list.o [1]
    .text            ro code       0x60a8     0x9c  fsl_pit.o [1]
    .text            ro code       0x6144    0xe70  fsl_clock.o [1]
    .text            ro code       0x6fb4    0x230  I64DivMod.o [5]
    .text            ro code       0x71e4     0x14  exit.o [6]
    .text            ro code       0x71f8    0x3f0  fsl_ftfx_controller.o [1]
    .text            ro code       0x75e8     0x78  xlocale_c.o [2]
    .text            ro code       0x7660     0x60  strchr_fast.o [5]
    .text            ro code       0x76c0     0x40  xfail_s.o [2]
    .text            ro code       0x7700     0x36  strlen.o [5]
    .text            ro code       0x7738     0x58  memchr.o [5]
    .text            ro code       0x7790      0xa  xmbcurmax.o [2]
    .text            ro code       0x779c     0x70  frexp.o [4]
    .text            ro code       0x780c     0x2e  DblCmpLe.o [4]
    .text            ro code       0x783c     0x2e  DblCmpGe.o [4]
    .text            ro code       0x786c    0x13a  ldexp.o [4]
    .text            ro code       0x79a8     0xe2  DblSub.o [4]
    .text            ro code       0x7a8c    0x246  DblDiv.o [4]
    .text            ro code       0x7cd4     0x28  DblToU32.o [4]
    .text            ro code       0x7cfc     0x1a  U32ToDbl.o [4]
    .text            ro code       0x7d18      0x2  I64DivZer.o [5]
    .text            ro code       0x7d1c    0x16a  DblAdd.o [4]
    .text            ro code       0x7e88     0x7c  clock_config.o [1]
    .text            ro code       0x7f04    0x6e0  cm_backtrace.o [1]
    .text            ro code       0x85e4     0x40  sprintf.o [2]
    .text            ro code       0x8624      0xc  cmb_fault.o [1]
    .text            ro code       0x8630     0x4c  easyflash.o [1]
    .text            ro code       0x867c    0x190  ef_port.o [1]
    .text            ro code       0x880c   0x2594  ef_env.o [1]
    .text            ro code       0xada0     0x8c  ef_utils.o [1]
    .text            ro code       0xae2c    0x1d4  fsl_adc16.o [1]
    .text            ro code       0xb000     0xa8  fsl_debug_console.o [1]
    .text            ro code       0xb0a8     0x90  serial_manager.o [1]
    .text            ro code       0xb138     0x3e  serial_port_uart.o [1]
    .text            ro code       0xb178     0xb0  uart_adapter.o [1]
    .text            ro code       0xb228    0x244  fsl_uart.o [1]
    .text            ro code       0xb46c     0x34  fsl_dmamux.o [1]
    .text            ro code       0xb4a0     0x8c  fsl_dspi.o [1]
    .text            ro code       0xb52c    0x4f8  fsl_edma.o [1]
    .text            ro code       0xba24     0x60  fsl_enet.o [1]
    .text            ro code       0xba84     0x3c  fsl_flexcan.o [1]
    .text            ro code       0xbac0    0x438  fsl_ftm.o [1]
    .text            ro code       0xbef8    0x26c  fsl_i2c.o [1]
    .text            ro code       0xc164     0x20  fsl_lpuart.o [1]
    .text            ro code       0xc184     0x34  fsl_sai.o [1]
    .text            ro code       0xc1b8     0x20  fsl_sdhc.o [1]
    .text            ro code       0xc1d8     0xf4  main.o [1]
    .text            ro code       0xc2cc    0x5da  pin_mux.o [1]
    .text            ro code       0xc8a8    0x35c  peripherals.o [1]
    .text            ro code       0xcc04     0x8c  arm_sin_f32.o [3]
    .text            ro code       0xcc90     0x28  startup_MK66F18.o [1]
    .text            ro code       0xccb8      0x8  startup_MK66F18.o [1]
    .text            ro code       0xccc0      0x8  startup_MK66F18.o [1]
    .text            ro code       0xccc8      0x8  startup_MK66F18.o [1]
    .text            ro code       0xccd0      0x8  startup_MK66F18.o [1]
    .text            ro code       0xccd8      0x8  startup_MK66F18.o [1]
    .text            ro code       0xcce0      0x8  startup_MK66F18.o [1]
    .text            ro code       0xcce8      0x8  startup_MK66F18.o [1]
    .text            ro code       0xccf0      0x8  startup_MK66F18.o [1]
    .text            ro code       0xccf8      0x8  startup_MK66F18.o [1]
    .text            ro code       0xcd00      0x8  startup_MK66F18.o [1]
    .text            ro code       0xcd08      0x8  startup_MK66F18.o [1]
    .text            ro code       0xcd10      0x8  startup_MK66F18.o [1]
    .text            ro code       0xcd18      0x8  startup_MK66F18.o [1]
    .text            ro code       0xcd20      0x8  startup_MK66F18.o [1]
    .text            ro code       0xcd28      0x8  startup_MK66F18.o [1]
    .text            ro code       0xcd30      0x8  startup_MK66F18.o [1]
    .text            ro code       0xcd38      0x8  startup_MK66F18.o [1]
    .text            ro code       0xcd40      0x8  startup_MK66F18.o [1]
    .text            ro code       0xcd48      0x8  startup_MK66F18.o [1]
    .text            ro code       0xcd50      0x8  startup_MK66F18.o [1]
    .text            ro code       0xcd58      0x8  startup_MK66F18.o [1]
    .text            ro code       0xcd60      0x8  startup_MK66F18.o [1]
    .text            ro code       0xcd68      0x8  startup_MK66F18.o [1]
    .text            ro code       0xcd70      0x8  startup_MK66F18.o [1]
    .text            ro code       0xcd78      0x8  startup_MK66F18.o [1]
    .text            ro code       0xcd80      0x8  startup_MK66F18.o [1]
    .text            ro code       0xcd88      0x8  startup_MK66F18.o [1]
    .text            ro code       0xcd90      0x8  startup_MK66F18.o [1]
    .text            ro code       0xcd98      0x8  startup_MK66F18.o [1]
    .text            ro code       0xcda0      0x8  startup_MK66F18.o [1]
    .text            ro code       0xcda8      0x8  startup_MK66F18.o [1]
    .text            ro code       0xcdb0      0x8  startup_MK66F18.o [1]
    .text            ro code       0xcdb8      0x8  startup_MK66F18.o [1]
    .text            ro code       0xcdc0      0x8  startup_MK66F18.o [1]
    .text            ro code       0xcdc8      0x8  startup_MK66F18.o [1]
    .text            ro code       0xcdd0      0x8  startup_MK66F18.o [1]
    .text            ro code       0xcdd8      0x8  startup_MK66F18.o [1]
    .text            ro code       0xcde0      0x8  startup_MK66F18.o [1]
    .text            ro code       0xcde8      0x8  startup_MK66F18.o [1]
    .text            ro code       0xcdf0      0x8  startup_MK66F18.o [1]
    .text            ro code       0xcdf8     0x2e  system_MK66F18.o [1]
    .text            ro code       0xce28     0x22  fpinit_M.o [4]
    .text            ro code       0xce4c     0x1e  cmain.o [5]
    .text            ro code       0xce6c     0x28  data_init.o [5]
    .text            ro code       0xce94      0x4  exit.o [2]
    .text            ro code       0xce98      0xe  cexit.o [5]
    .text            ro code       0xcea8     0x3c  xcloseall.o [2]
    .text            ro code       0xcee4     0x7e  fclose.o [2]
    .text            ro code       0xcf64     0x8c  xfofind.o [2]
    .text            ro code       0xcff0     0xac  fflush.o [2]
    .text            ro code       0xd09c     0x18  close.o [6]
    .text            ro code       0xd0b4     0x14  remove.o [6]
    .text            ro code       0xd0c8     0xcc  XShHandles.o [2]
    .text            ro code       0xd194      0xc  putchar.o [2]
    .text            ro code       0xd1a0     0x54  fputc.o [2]
    .text            ro code       0xd1f4     0xb4  xfwprep.o [2]
    .text            ro code       0xd2a8     0x24  fseek.o [2]
    .text            ro code       0xd2cc     0xd8  xfspos.o [2]
    .text            ro code       0xd3a4      0xc  xfgpos.o [2]
    .text            ro code       0xd3b0     0x4a  lseek.o [6]
    .text            ro code       0xd3fc      0x0  cstart_closeall.o [5]
    .text            ro code       0xd3fc      0x4  startup_MK66F18.o [1]
    .text            ro code       0xd400      0xc  cstartup_M.o [5]
    .text            ro code       0xd40c     0x16  xprout.o [2]
    .text            ro code       0xd422     0x9c  packbits_init.o [5]
  .rodata            const         0xd4c0    0x804  arm_common_tables.o [3]
  .rodata            const         0xdcc4    0x5e4  cm_backtrace.o [1]
  .rodata            const         0xe2a8    0x400  ef_utils.o [1]
  .rodata            const         0xe6a8    0x3dc  ef_env.o [1]
  .rodata            const         0xea84    0x228  drv_disp_ssd1306.o [1]
  .rodata            const         0xecac    0x218  cm_backtrace.o [1]
  .rodata            const         0xeec4     0xbc  drv_ftfx_flash.o [1]
  .rodata            const         0xef80     0x98  easyflash.o [1]
  .rodata            const         0xf018     0x8c  ef_port.o [1]
  .rodata            const         0xf0a4     0x80  fsl_i2c.o [1]
  .rodata            const         0xf124     0x64  cm_backtrace.o [1]
  .rodata            const         0xf188     0x28  ef_port.o [1]
  .iar.init_table    const         0xf1b0     0x2c  - Linker created -
  .rodata            const         0xf1dc     0x20  cm_backtrace.o [1]
  .rodata            const         0xf1fc      0x6  xlocale_c.o [2]
  .rodata            const         0xf202      0x0  zero_init3.o [5]
  .rodata            const         0xf202      0x0  packbits_init.o [5]
  Initializer bytes  const         0xf202    0x144  <for RW-1>
                                 - 0xf346   0xef36

"P3-P4|P7", part 1 of 2:                     0x350
  RW                          0x2000'0000    0x350  <Block>
    RW-1                      0x2000'0000    0x350  <Init block>
      .data          inited   0x2000'0000     0xa8  app_menu_button.o [1]
      .data          inited   0x2000'00a8     0xe0  app_menu.o [1]
      .data          inited   0x2000'0188      0x4  app_menu_nvm.o [1]
      .data          inited   0x2000'018c      0x4  app_menu_nvm.o [1]
      .data          inited   0x2000'0190      0x4  app_menu_nvm.o [1]
      .data          inited   0x2000'0194      0x4  app_menu_nvm.o [1]
      .data          inited   0x2000'0198     0x14  drv_button.o [1]
      .data          inited   0x2000'01ac      0x4  ef_port.o [1]
      .data          inited   0x2000'01b0     0x14  fsl_clock.o [1]
      .data          inited   0x2000'01c4      0x4  system_MK66F18.o [1]
      .data          inited   0x2000'01c8     0x38  xlocale_c.o [2]
      .data          inited   0x2000'0200     0x48  xlocale_c.o [2]
      .data          inited   0x2000'0248     0x48  xfiles.o [2]
      .data          inited   0x2000'0290     0x48  xfiles.o [2]
      .data          inited   0x2000'02d8     0x48  xfiles.o [2]
      .data          inited   0x2000'0320     0x20  xfiles.o [2]
      .data          inited   0x2000'0340     0x10  drv_disp_ssd1306.o [1]
                            - 0x2000'0350    0x350

"P3-P4|P7", part 2 of 2:                     0x814
  ZI                          0x2000'0350    0x814  <Block>
    .bss             zero     0x2000'0350      0x4  app_menu_nvm.o [1]
    .bss             zero     0x2000'0354      0xc  app_menu_nvm.o [1]
    .bss             zero     0x2000'0360      0xc  app_menu_nvm.o [1]
    .bss             zero     0x2000'036c      0x4  app_menu_nvm.o [1]
    .bss             zero     0x2000'0370      0x8  app_menu_nvm.o [1]
    .bss             zero     0x2000'0378      0x8  app_menu_type.o [1]
    .bss             zero     0x2000'0380    0x148  cm_backtrace.o [1]
    .bss             zero     0x2000'04c8     0x7c  drv_ftfx_flash.o [1]
    .bss             zero     0x2000'0544    0x100  ef_env.o [1]
    .bss             zero     0x2000'0644     0x20  fsl_debug_console.o [1]
    .bss             zero     0x2000'0664     0x18  fsl_dspi.o [1]
    .bss             zero     0x2000'067c     0x80  fsl_edma.o [1]
    .bss             zero     0x2000'06fc     0x10  fsl_enet.o [1]
    .bss             zero     0x2000'070c      0xc  fsl_flexcan.o [1]
    .bss             zero     0x2000'0718     0x40  fsl_ftfx_cache.o [1]
    .bss             zero     0x2000'0758     0x40  fsl_ftfx_controller.o [1]
    .bss             zero     0x2000'0798     0x18  fsl_i2c.o [1]
    .bss             zero     0x2000'07b0      0x8  fsl_lpuart.o [1]
    .bss             zero     0x2000'07b8     0x10  fsl_sai.o [1]
    .bss             zero     0x2000'07c8      0x8  fsl_sdhc.o [1]
    .bss             zero     0x2000'07d0     0x18  fsl_uart.o [1]
    .bss             zero     0x2000'07e8     0x50  sys_extint.o [1]
    .bss             zero     0x2000'0838     0x14  sys_pitmgr.o [1]
    .bss             zero     0x2000'084c     0x18  dlmalloc.o [2]
    .bss             zero     0x2000'0864    0x1d8  dlmalloc.o [2]
    .bss             zero     0x2000'0a3c      0x4  xgetmemchunk.o [2]
    .bss             zero     0x2000'0a40      0x4  xfail_s.o [2]
    .bss             zero     0x2000'0a44     0x50  xfiles.o [2]
    .bss             zero     0x2000'0a94     0x50  xfiles.o [2]
    .bss             zero     0x2000'0ae4     0x80  XShHandles.o [2]
                            - 0x2000'0b64    0x814

"P5":                                      0x10000
  HEAP                        0x2000'0b68  0x10000  <Block>
    HEAP             uninit   0x2000'0b68  0x10000  <Block tail>
                            - 0x2001'0b68  0x10000

"P6":                                       0x1000
  CSTACK                      0x2002'f000   0x1000  <Block>
    CSTACK           uninit   0x2002'f000   0x1000  <Block tail>
                            - 0x2003'0000   0x1000

Unused ranges:

         From           To      Size
         ----           --      ----
       0xf346     0xf'ffff  0xf'0cba
  0x1fff'0000  0x1fff'ffff  0x1'0000
  0x2000'0b64  0x2000'0b67       0x4
  0x2001'0b68  0x2002'efff  0x1'e498


*******************************************************************************
*** INIT TABLE
***

          Address      Size
          -------      ----
Zero (__iar_zero_init3)
    1 destination range, total size 0x814:
          0x2000'0350  0x814

Copy/packbits (__iar_packbits_init3)
    1 source range, total size 0x144 (38% of destination):
               0xf202  0x144
    1 destination range, total size 0x350:
          0x2000'0000  0x350



*******************************************************************************
*** MODULE SUMMARY
***

    Module                 ro code  ro data  rw data
    ------                 -------  -------  -------
command line/config:
    ------------------------------------------------
    Total:

C:\Users\CkovMk\Documents\GitHub\HTISIC_MK66F18\HITSIC_MK66F18_IAR\boards\HITSIC_MK66F18\__iar\Release\Obj: [1]
    app_menu.o               1 892       85      224
    app_menu_button.o          492       64      168
    app_menu_nvm.o             152        6       56
    app_menu_type.o          4 536                 8
    clock_config.o             124
    cm_backtrace.o           1 760    2 176      328
    cmb_fault.o                 12
    drv_button.o               460        8       20
    drv_disp_ssd1306.o       2 584      559       16
    drv_ftfx_flash.o         1 000      188      124
    easyflash.o                 76      152
    ef_env.o                 9 620      988      256
    ef_port.o                  400      182        4
    ef_utils.o                 140    1 024
    fsl_adc16.o                468
    fsl_cache.o                 32
    fsl_clock.o              3 696        7       20
    fsl_debug_console.o        168                32
    fsl_dmamux.o                52
    fsl_dspi.o                 140                24
    fsl_edma.o               1 272               128
    fsl_enet.o                  96                16
    fsl_flexcan.o               60                12
    fsl_ftfx_cache.o           116                64
    fsl_ftfx_controller.o    1 008                64
    fsl_ftfx_flash.o           636
    fsl_ftm.o                1 080
    fsl_gpio.o                  40
    fsl_i2c.o                  620      128       24
    fsl_lpuart.o                32                 8
    fsl_pit.o                  156
    fsl_sai.o                   52                16
    fsl_sdhc.o                  32                 8
    fsl_uart.o                 580                24
    lib_list.o                 216
    main.o                     244
    peripherals.o              860
    pin_mux.o                1 498
    serial_manager.o           144
    serial_port_uart.o          62
    startup_MK66F18.o        1 406
    sys_extint.o               532                80
    sys_pitmgr.o               340                20
    system_MK66F18.o            46        2        4
    uart_adapter.o             176
    ------------------------------------------------
    Total:                  39 108    5 569    1 748

dl7M_tlf.a: [2]
    XShHandles.o               204               128
    abort.o                      6
    dlmalloc.o               5 408               496
    exit.o                       4
    fclose.o                   126
    fflush.o                   172
    fputc.o                     84
    fseek.o                     36
    printf.o                    40
    putchar.o                   12
    snprintf.o                  68
    sprintf.o                   64
    strncmp.o                   40
    xcloseall.o                 60
    xencoding_8859_1.o          30
    xfail_s.o                   64                 4
    xfgpos.o                    12
    xfiles.o                             94      408
    xfofind.o                  140
    xfspos.o                   216
    xfwprep.o                  180
    xgetmemchunk.o              44                 4
    xlocale_c.o                120       55      128
    xmbcurmax.o                 10
    xprintffull.o            3 910
    xprout.o                    22
    xsnprout.o                  26
    xsprout.o                   10
    ------------------------------------------------
    Total:                  11 108      149    1 168

iar_cortexM4lf_math.a: [3]
    arm_common_tables.o               2 052
    arm_sin_f32.o              140
    ------------------------------------------------
    Total:                     140    2 052

m7M_tls.a: [4]
    DblAdd.o                   362
    DblCmpGe.o                  46
    DblCmpLe.o                  46
    DblDiv.o                   582
    DblMul.o                   418
    DblSub.o                   226
    DblToS32.o                  58
    DblToU32.o                  40
    FltToDbl.o                  72
    S32ToDbl.o                  34
    U32ToDbl.o                  26
    fpinit_M.o                  34
    frexp.o                    112
    ldexp.o                    314
    ------------------------------------------------
    Total:                   2 370

rt7M_tl.a: [5]
    ABImemclr.o                  6
    ABImemclr4.o                 6
    ABImemcpy.o                166
    ABImemset.o                 94
    ABImemset48.o               58
    I64DivMod.o                560
    I64DivZer.o                  2
    cexit.o                     14
    cmain.o                     30
    cstart_closeall.o
    cstartup_M.o                12
    data_init.o                 40
    memchr.o                    88
    packbits_init.o            156
    strchr_fast.o               96
    strlen.o                    54
    strncpy.o                  112
    zero_init3.o                58
    ------------------------------------------------
    Total:                   1 552

shb_l.a: [6]
    close.o                     24
    exit.o                      20
    lseek.o                     74
    remove.o                    20
    ------------------------------------------------
    Total:                     138

    Gaps                        46        2
    Linker created                       44   69 632
----------------------------------------------------
    Grand Total:            54 462    7 816   72 548


*******************************************************************************
*** ENTRY LIST
***

Entry                       Address   Size  Type      Object
-----                       -------   ----  ----      ------
.iar.init_table$$Base        0xf1b0          --   Gb  - Linker created -
.iar.init_table$$Limit       0xf1dc          --   Gb  - Linker created -
.text$$Base                   0x410          --   Gb  - Linker created -
.text$$Limit                 0xd4be          --   Gb  - Linker created -
?main                        0xce4d         Code  Gb  cmain.o [5]
ADC0_config                  0xcbec    0xc  Data  Gb  peripherals.o [1]
ADC16_DoAutoCalibration
                             0xaee1   0xec  Code  Gb  fsl_adc16.o [1]
ADC16_Init                   0xae2d   0xa8  Code  Gb  fsl_adc16.o [1]
ADC16_SetChannelMuxMode
                             0xafcd   0x12  Code  Gb  fsl_adc16.o [1]
ADC16_SetHardwareAverage
                             0xafdf   0x18  Code  Gb  fsl_adc16.o [1]
ADC1_config                  0xcbf8    0xc  Data  Gb  peripherals.o [1]
BUTTON_ExtIsr                0x46b9   0xb8  Code  Gb  drv_button.o [1]
BUTTON_GetPortInst           0x4671    0xe  Code  Gb  drv_button.o [1]
BUTTON_GetPortInst::lut
                        0x2000'0198   0x14  Data  Lc  drv_button.o [1]
BUTTON_PitIsr                0x4771   0xc2  Code  Gb  drv_button.o [1]
BUTTON_Setup                 0x467f   0x3a  Code  Gb  drv_button.o [1]
CAN0_DriverIRQHandler        0xba85   0x16  Code  Gb  fsl_flexcan.o [1]
CAN1_DriverIRQHandler        0xba9b   0x16  Code  Gb  fsl_flexcan.o [1]
CLOCK_BootToPeeMode          0x6edb   0xc8  Code  Gb  fsl_clock.o [1]
CLOCK_GetFllFreq::fllFactorTable
                             0x6e54   0x10  Data  Lc  fsl_clock.o [1]
CLOCK_GetFreq                0x6145  0xcb4  Code  Gb  fsl_clock.o [1]
CLOCK_InitOsc0               0x6e75   0x66  Code  Gb  fsl_clock.o [1]
CLOCK_SetSimConfig           0x6e01   0x46  Code  Gb  fsl_clock.o [1]
CSTACK$$Base            0x2002'f000          --   Gb  - Linker created -
CSTACK$$Limit           0x2003'0000          --   Gb  - Linker created -
CacheMore                    0x75ed   0x24  Code  Lc  xlocale_c.o [2]
DC_config               0x2000'034e    0x2  Data  Gb  drv_disp_ssd1306.o [1]
DC_port_config          0x2000'0346    0x2  Data  Gb  drv_disp_ssd1306.o [1]
DMA0_DMA16_DriverIRQHandler
                             0xb623   0x3c  Code  Gb  fsl_edma.o [1]
DMA10_DMA26_DriverIRQHandler
                             0xb877   0x3a  Code  Gb  fsl_edma.o [1]
DMA11_DMA27_DriverIRQHandler
                             0xb8b1   0x3a  Code  Gb  fsl_edma.o [1]
DMA12_DMA28_DriverIRQHandler
                             0xb8eb   0x3a  Code  Gb  fsl_edma.o [1]
DMA13_DMA29_DriverIRQHandler
                             0xb929   0x3a  Code  Gb  fsl_edma.o [1]
DMA14_DMA30_DriverIRQHandler
                             0xb963   0x3a  Code  Gb  fsl_edma.o [1]
DMA15_DMA31_DriverIRQHandler
                             0xb99d   0x3a  Code  Gb  fsl_edma.o [1]
DMA1_DMA17_DriverIRQHandler
                             0xb65f   0x40  Code  Gb  fsl_edma.o [1]
DMA2_DMA18_DriverIRQHandler
                             0xb69f   0x40  Code  Gb  fsl_edma.o [1]
DMA3_DMA19_DriverIRQHandler
                             0xb6df   0x3c  Code  Gb  fsl_edma.o [1]
DMA4_DMA20_DriverIRQHandler
                             0xb71b   0x3a  Code  Gb  fsl_edma.o [1]
DMA5_DMA21_DriverIRQHandler
                             0xb755   0x3a  Code  Gb  fsl_edma.o [1]
DMA6_DMA22_DriverIRQHandler
                             0xb78f   0x3a  Code  Gb  fsl_edma.o [1]
DMA7_DMA23_DriverIRQHandler
                             0xb7c9   0x3a  Code  Gb  fsl_edma.o [1]
DMA8_DMA24_DriverIRQHandler
                             0xb803   0x3a  Code  Gb  fsl_edma.o [1]
DMA9_DMA25_DriverIRQHandler
                             0xb83d   0x3a  Code  Gb  fsl_edma.o [1]
DMAMUX_Init                  0xb46d   0x26  Code  Gb  fsl_dmamux.o [1]
DbgConsole_Init              0xb001   0x6a  Code  Gb  fsl_debug_console.o [1]
EDMA_HandleIRQ               0xb591   0x92  Code  Gb  fsl_edma.o [1]
EDMA_Init                    0xb52d   0x5e  Code  Gb  fsl_edma.o [1]
EDMA_config                  0xcb00    0x4  Data  Gb  peripherals.o [1]
ENET_1588_Timer_IRQHandler
                             0xba67   0x16  Code  Gb  fsl_enet.o [1]
ENET_Error_IRQHandler        0xba51   0x16  Code  Gb  fsl_enet.o [1]
ENET_Receive_IRQHandler
                             0xba3b   0x16  Code  Gb  fsl_enet.o [1]
ENET_Transmit_IRQHandler
                             0xba25   0x16  Code  Gb  fsl_enet.o [1]
EXTINT_Init                  0x483d   0x38  Code  Gb  sys_extint.o [1]
EXTINT_PortSetup             0x4875   0xa6  Code  Gb  sys_extint.o [1]
F6x8                         0xea84  0x228  Data  Gb  drv_disp_ssd1306.o [1]
FLASH_AddressProgram         0x409d   0x76  Code  Gb  drv_ftfx_flash.o [1]
FLASH_AddressRead            0x4009   0x94  Code  Gb  drv_ftfx_flash.o [1]
FLASH_Erase                  0x4d8d   0x4c  Code  Gb  fsl_ftfx_flash.o [1]
FLASH_GetPhysicalAddress
                             0x3fe7   0x22  Code  Gb  drv_ftfx_flash.o [1]
FLASH_GetProperty            0x4ed5   0x76  Code  Gb  fsl_ftfx_flash.o [1]
FLASH_GetSecurityState       0x4ec9    0x4  Code  Gb  fsl_ftfx_flash.o [1]
FLASH_Init                   0x4cf1   0x9c  Code  Gb  fsl_ftfx_flash.o [1]
FLASH_Program                0x4dd9   0x4c  Code  Gb  fsl_ftfx_flash.o [1]
FLASH_SectorErase            0x4113   0x56  Code  Gb  drv_ftfx_flash.o [1]
FLASH_SectorRead             0x4169   0x92  Code  Gb  drv_ftfx_flash.o [1]
FLASH_SectorWrite            0x4201   0xc2  Code  Gb  drv_ftfx_flash.o [1]
FLASH_SimpleInit             0x3f25   0xc2  Code  Gb  drv_ftfx_flash.o [1]
FLASH_VerifyErase            0x4e25   0x4c  Code  Gb  fsl_ftfx_flash.o [1]
FLASH_VerifyProgram          0x4e71   0x58  Code  Gb  fsl_ftfx_flash.o [1]
FTFx_API_Init                0x71f9   0x5a  Code  Gb  fsl_ftfx_controller.o [1]
FTFx_CACHE_ClearCachePrefetchSpeculation
                             0x4f91   0x2c  Code  Gb  fsl_ftfx_cache.o [1]
FTFx_CACHE_Init              0x4f6d   0x24  Code  Gb  fsl_ftfx_cache.o [1]
FTFx_CMD_Erase               0x7261   0xaa  Code  Gb  fsl_ftfx_controller.o [1]
FTFx_CMD_Program             0x730b   0xf6  Code  Gb  fsl_ftfx_controller.o [1]
FTFx_CMD_VerifyErase         0x7401   0xd2  Code  Gb  fsl_ftfx_controller.o [1]
FTFx_CMD_VerifyProgram       0x74d3   0xcc  Code  Gb  fsl_ftfx_controller.o [1]
FTFx_REG_GetSecurityState
                             0x759f   0x2e  Code  Gb  fsl_ftfx_controller.o [1]
FTM0_MOTOR_centerPwmSignalParams
                             0xcb30   0x10  Data  Gb  peripherals.o [1]
FTM0_MOTOR_config            0xcb14   0x1c  Data  Gb  peripherals.o [1]
FTM1_ENC_L_config            0xcb40   0x1c  Data  Gb  peripherals.o [1]
FTM1_ENC_L_phaseAParams
                             0xcb5c    0xc  Data  Gb  peripherals.o [1]
FTM1_ENC_L_phaseBParams
                             0xcb68    0xc  Data  Gb  peripherals.o [1]
FTM2_ENC_R_config            0xcb74   0x1c  Data  Gb  peripherals.o [1]
FTM2_ENC_R_phaseAParams
                             0xcb90    0xc  Data  Gb  peripherals.o [1]
FTM2_ENC_R_phaseBParams
                             0xcb9c    0xc  Data  Gb  peripherals.o [1]
FTM3_SERVO_centerPwmSignalParams
                             0xcbc4    0x8  Data  Gb  peripherals.o [1]
FTM3_SERVO_config            0xcba8   0x1c  Data  Gb  peripherals.o [1]
FTM_Init                     0xbac1  0x202  Code  Gb  fsl_ftm.o [1]
FTM_SetupPwm                 0xbcc5  0x1a6  Code  Gb  fsl_ftm.o [1]
FTM_SetupQuadDecode          0xbe6b   0x64  Code  Gb  fsl_ftm.o [1]
GPIO_PinInit                 0x4ba5   0x28  Code  Gb  fsl_gpio.o [1]
HAL_UartInit                 0xb179   0x86  Code  Gb  uart_adapter.o [1]
HAL_UartSendBlocking         0xb201   0x14  Code  Gb  uart_adapter.o [1]
HEAP$$Base              0x2000'0b68          --   Gb  - Linker created -
HEAP$$Limit             0x2001'0b68          --   Gb  - Linker created -
HardFault_Handler            0x8625         Code  Gb  cmb_fault.o [1]
I2C0_DriverIRQHandler        0xc099   0x28  Code  Gb  fsl_i2c.o [1]
I2C0_IMU_config              0xcb08    0xc  Data  Gb  peripherals.o [1]
I2C1_DriverIRQHandler        0xc0c1   0x28  Code  Gb  fsl_i2c.o [1]
I2C2_DriverIRQHandler        0xc0f1   0x28  Code  Gb  fsl_i2c.o [1]
I2C3_DriverIRQHandler        0xc119   0x28  Code  Gb  fsl_i2c.o [1]
I2C_MasterInit               0xbef9  0x182  Code  Gb  fsl_i2c.o [1]
I2S0_Rx_DriverIRQHandler
                             0xc19b   0x16  Code  Gb  fsl_sai.o [1]
I2S0_Tx_DriverIRQHandler
                             0xc185   0x16  Code  Gb  fsl_sai.o [1]
L1CACHE_InvalidateCodeCache
                             0x5009   0x1a  Code  Gb  fsl_cache.o [1]
LPUART0_DriverIRQHandler
                             0xc165   0x16  Code  Gb  fsl_lpuart.o [1]
List_Constructor             0x5fcf   0x2c  Code  Gb  lib_list.o [1]
List_Create                  0x5ffb   0x32  Code  Gb  lib_list.o [1]
List_Erase                   0x606f   0x30  Code  Gb  lib_list.o [1]
List_Insert                  0x602d   0x42  Code  Gb  lib_list.o [1]
List_ItBegin                 0x609f    0x4  Code  Gb  lib_list.o [1]
List_ItEnd                   0x60a3    0x4  Code  Gb  lib_list.o [1]
LoadInt                      0x51eb   0x7a  Code  Lc  xprintffull.o [2]
MENU_ButtonCallback          0x1e5d   0x8c  Code  Gb  app_menu_button.o [1]
MENU_ButtonExtIsr0           0x1d2d    0x6  Code  Gb  app_menu_button.o [1]
MENU_ButtonExtIsr1           0x1d33    0x6  Code  Gb  app_menu_button.o [1]
MENU_ButtonExtIsr2           0x1d39    0x6  Code  Gb  app_menu_button.o [1]
MENU_ButtonExtIsr3           0x1d3f    0x6  Code  Gb  app_menu_button.o [1]
MENU_ButtonExtIsr4           0x1d45    0x6  Code  Gb  app_menu_button.o [1]
MENU_ButtonPitIsr            0x1e2d   0x2e  Code  Gb  app_menu_button.o [1]
MENU_ButtonSetup             0x1d4b   0xe2  Code  Gb  app_menu_button.o [1]
MENU_DataSetUp::T_flt   0x2000'0184    0x4  Data  Lc  app_menu.o [1]
MENU_DataSetUp::T_int   0x2000'0180    0x4  Data  Lc  app_menu.o [1]
MENU_DataSetUp::testList
                        0x2000'017c    0x4  Data  Lc  app_menu.o [1]
MENU_Data_NvmCopy_boxed
                              0x96d   0x4a  Code  Gb  app_menu.o [1]
MENU_Data_NvmRead             0x855  0x118  Code  Gb  app_menu.o [1]
MENU_Data_NvmSave             0x719  0x13c  Code  Gb  app_menu.o [1]
MENU_Init                     0x411  0x24e  Code  Gb  app_menu.o [1]
MENU_ItemConstruct           0x1111  0x17a  Code  Gb  app_menu_type.o [1]
MENU_ItemGetData             0x12a1   0x2a  Code  Gb  app_menu_type.o [1]
MENU_ItemKeyOp               0x133d   0x14  Code  Gb  app_menu_type.o [1]
MENU_ItemKeyOp_varfType
                              0xf59  0x1a4  Code  Gb  app_menu_type.o [1]
MENU_ItemKeyOp_variType
                              0xcc1  0x11e  Code  Gb  app_menu_type.o [1]
MENU_ItemPrintDisp           0x1329   0x14  Code  Gb  app_menu_type.o [1]
MENU_ItemPrintDisp_varfType
                              0xde9  0x10a  Code  Gb  app_menu_type.o [1]
MENU_ItemPrintDisp_variType
                              0xb75  0x10a  Code  Gb  app_menu_type.o [1]
MENU_ItemSetData             0x12cb   0x56  Code  Gb  app_menu_type.o [1]
MENU_ListConstruct           0x1351  0x1cc  Code  Gb  app_menu_type.o [1]
MENU_ListInsert              0x1535   0x20  Code  Gb  app_menu_type.o [1]
MENU_ListKeyOp               0x174d  0x51e  Code  Gb  app_menu_type.o [1]
MENU_ListPrintDisp           0x1555  0x1d8  Code  Gb  app_menu_type.o [1]
MENU_NvmCacheable            0x3e91   0x1c  Code  Gb  app_menu_nvm.o [1]
MENU_NvmRead                 0x3e8d    0x4  Code  Gb  app_menu_nvm.o [1]
MENU_NvmUpdateCache          0x3eff   0x1e  Code  Gb  app_menu_nvm.o [1]
MENU_NvmWriteCache           0x3ead   0x52  Code  Gb  app_menu_nvm.o [1]
MENU_PrintDisp                0x65f   0xb4  Code  Gb  app_menu.o [1]
OLED_Fill                    0x1f55  0x162  Code  Gb  drv_disp_ssd1306.o [1]
OLED_Init                    0x20b7  0x6bc  Code  Gb  drv_disp_ssd1306.o [1]
OLED_PrintStr_F6x8           0x2779  0x1e0  Code  Gb  drv_disp_ssd1306.o [1]
PIT2_IRQHandler              0x4ac7   0xce  Code  Gb  sys_pitmgr.o [1]
PITMGR_GetLTC_ms             0x4a67   0x34  Code  Gb  sys_pitmgr.o [1]
PITMGR_HandleInsert          0x4a9b   0x2c  Code  Gb  sys_pitmgr.o [1]
PITMGR_Init                  0x4a51   0x16  Code  Gb  sys_pitmgr.o [1]
PIT_GetLifetimeTimerCount
                             0x612d   0x12  Code  Gb  fsl_pit.o [1]
PIT_Init                     0x60a9   0x7a  Code  Gb  fsl_pit.o [1]
PIT_config                   0xcb04    0x1  Data  Gb  peripherals.o [1]
PORTA_IRQHandler             0x491b   0x2e  Code  Gb  sys_extint.o [1]
PORTA_irq_list          0x2000'07e8   0x10  Data  Gb  sys_extint.o [1]
PORTB_IRQHandler             0x4949   0x32  Code  Gb  sys_extint.o [1]
PORTB_irq_list          0x2000'07f8   0x10  Data  Gb  sys_extint.o [1]
PORTC_IRQHandler             0x497b   0x32  Code  Gb  sys_extint.o [1]
PORTC_irq_list          0x2000'0808   0x10  Data  Gb  sys_extint.o [1]
PORTD_IRQHandler             0x49ad   0x32  Code  Gb  sys_extint.o [1]
PORTD_irq_list          0x2000'0818   0x10  Data  Gb  sys_extint.o [1]
PORTE_IRQHandler             0x49df   0x32  Code  Gb  sys_extint.o [1]
PORTE_irq_list          0x2000'0828   0x10  Data  Gb  sys_extint.o [1]
RST_config              0x2000'034c    0x2  Data  Gb  drv_disp_ssd1306.o [1]
RST_port_config         0x2000'0344    0x2  Data  Gb  drv_disp_ssd1306.o [1]
RTECLK_HsRun_180MHz          0x7e89   0x44  Code  Gb  clock_config.o [1]
RTEPIN_BasicPin              0xc2cd   0x32  Code  Gb  pin_mux.o [1]
RTEPIN_Board                 0xc339  0x4e4  Code  Gb  pin_mux.o [1]
RTEPIN_Uart0_SWO             0xc2ff   0x36  Code  Gb  pin_mux.o [1]
RTEPIP_Analog                0xca71   0x56  Code  Gb  peripherals.o [1]
RTEPIP_BasicPip              0xc8a9   0xc4  Code  Gb  peripherals.o [1]
RTEPIP_Digital               0xc96d  0x104  Code  Gb  peripherals.o [1]
RW$$Base                0x2000'0000          --   Gb  - Linker created -
RW$$Limit               0x2000'0350          --   Gb  - Linker created -
Region$$Table$$Base          0xf1b0          --   Gb  - Linker created -
Region$$Table$$Limit         0xf1dc          --   Gb  - Linker created -
Reserved71_IRQHandler         0x9b7   0xf2  Code  Gb  app_menu.o [1]
SCL_config              0x2000'0348    0x2  Data  Gb  drv_disp_ssd1306.o [1]
SCL_port_config         0x2000'0340    0x2  Data  Gb  drv_disp_ssd1306.o [1]
SDA_config              0x2000'034a    0x2  Data  Gb  drv_disp_ssd1306.o [1]
SDA_port_config         0x2000'0342    0x2  Data  Gb  drv_disp_ssd1306.o [1]
SDHC_DriverIRQHandler        0xc1b9   0x16  Code  Gb  fsl_sdhc.o [1]
SPI0_DriverIRQHandler        0xb4a1   0x28  Code  Gb  fsl_dspi.o [1]
SPI1_DriverIRQHandler        0xb4c9   0x28  Code  Gb  fsl_dspi.o [1]
SPI2_DriverIRQHandler        0xb4f1   0x28  Code  Gb  fsl_dspi.o [1]
SerialManager_Init           0xb0a9   0x2a  Code  Gb  serial_manager.o [1]
SerialManager_OpenReadHandle
                             0xb0f1   0x26  Code  Gb  serial_manager.o [1]
SerialManager_OpenWriteHandle
                             0xb0d3   0x1e  Code  Gb  serial_manager.o [1]
SerialManager_WriteBlocking
                             0xb117   0x22  Code  Gb  serial_manager.o [1]
Serial_UartInit              0xb139   0x3a  Code  Gb  serial_port_uart.o [1]
Serial_UartWrite             0xb173    0x4  Code  Gb  serial_port_uart.o [1]
SystemCoreClock         0x2000'01c4    0x4  Data  Gb  system_MK66F18.o [1]
SystemInit                   0xcdf9   0x22  Code  Gb  system_MK66F18.o [1]
UART0_RX_TX_DriverIRQHandler
                             0xb3ad   0x1a  Code  Gb  fsl_uart.o [1]
UART0_config                 0xcbdc   0x10  Data  Gb  peripherals.o [1]
UART1_RX_TX_DriverIRQHandler
                             0xb3c7   0x1a  Code  Gb  fsl_uart.o [1]
UART2_RX_TX_DriverIRQHandler
                             0xb3e9   0x1a  Code  Gb  fsl_uart.o [1]
UART3_CAM_config             0xcbcc   0x10  Data  Gb  peripherals.o [1]
UART3_RX_TX_DriverIRQHandler
                             0xb409   0x1a  Code  Gb  fsl_uart.o [1]
UART4_RX_TX_DriverIRQHandler
                             0xb423   0x1a  Code  Gb  fsl_uart.o [1]
UART_GetDefaultConfig        0xb359   0x2a  Code  Gb  fsl_uart.o [1]
UART_Init                    0xb229  0x130  Code  Gb  fsl_uart.o [1]
UART_WriteBlocking           0xb383   0x18  Code  Gb  fsl_uart.o [1]
ZI$$Base                0x2000'0350          --   Gb  - Linker created -
ZI$$Limit               0x2000'0b64          --   Gb  - Linker created -
_Close_all                   0xcea9   0x3c  Code  Gb  xcloseall.o [2]
_Encoding_8859_1_Mbrlen
                             0x4541    0x2  Code  Gb  xencoding_8859_1.o [2]
_Encoding_8859_1_Wctomb
                             0x452f   0x12  Code  Gb  xencoding_8859_1.o [2]
_Files                  0x2000'0320   0x20  Data  Gb  xfiles.o [2]
_Fofree                      0xcf65   0x86  Code  Gb  xfofind.o [2]
_Fspos                       0xd2cd   0xd8  Code  Gb  xfspos.o [2]
_Fwprep                      0xd1f5   0xb4  Code  Gb  xfwprep.o [2]
_GenldFull                   0x5c49  0x274  Code  Lc  xprintffull.o [2]
_LdtobFull                   0x5845  0x3d6  Code  Lc  xprintffull.o [2]
_LitobFull                   0x56f5  0x10a  Code  Lc  xprintffull.o [2]
_Locale_lconv           0x2000'01c8   0x38  Data  Lc  xlocale_c.o [2]
_Nnl                         0xd3a5    0xc  Code  Gb  xfgpos.o [2]
_PrintfFull                  0x5029  0x1aa  Code  Gb  xprintffull.o [2]
_Prout                       0xd40d   0x16  Code  Gb  xprout.o [2]
_PutcharsFull                0x5ebd   0x2e  Code  Lc  xprintffull.o [2]
_PutfldFull                  0x5265  0x2d4  Code  Lc  xprintffull.o [2]
_PutstrFull                  0x562f   0xc6  Code  Lc  xprintffull.o [2]
_PuttxtFull                  0x5539   0xf6  Code  Lc  xprintffull.o [2]
_SNProut                     0x432f   0x1a  Code  Gb  xsnprout.o [2]
_SProut                      0x44eb    0xa  Code  Gb  xsprout.o [2]
__Vectors                       0x0          --   Gb  startup_MK66F18.o [1]
__Vectors_End                 0x400         Data  Gb  startup_MK66F18.o [1]
__Vectors_Size {Abs}          0x400          --   Gb  startup_MK66F18.o [1]
__aeabi_cdcmple              0x780d         Code  Gb  DblCmpLe.o [4]
__aeabi_cdrcmple             0x783d         Code  Gb  DblCmpGe.o [4]
__aeabi_d2iz                 0x44f5         Code  Gb  DblToS32.o [4]
__aeabi_d2uiz                0x7cd5         Code  Gb  DblToU32.o [4]
__aeabi_ddiv                 0x7a8d         Code  Gb  DblDiv.o [4]
__aeabi_dmul                 0x4349         Code  Gb  DblMul.o [4]
__aeabi_dsub                 0x79a9         Code  Gb  DblSub.o [4]
__aeabi_f2d                  0x4591         Code  Gb  FltToDbl.o [4]
__aeabi_i2d                  0x430d         Code  Gb  S32ToDbl.o [4]
__aeabi_ldiv0                0x7d19         Code  Gb  I64DivZer.o [5]
__aeabi_memclr               0x4c39         Code  Gb  ABImemclr.o [5]
__aeabi_memclr4              0x4ce9         Code  Gb  ABImemclr4.o [5]
__aeabi_memcpy               0x4c41         Code  Gb  ABImemcpy.o [5]
__aeabi_memcpy4              0x4c61         Code  Gb  ABImemcpy.o [5]
__aeabi_memcpy8              0x4c61         Code  Gb  ABImemcpy.o [5]
__aeabi_memset4              0x1f19         Code  Gb  ABImemset48.o [5]
__aeabi_memset8              0x1f19         Code  Gb  ABImemset48.o [5]
__aeabi_ui2d                 0x7cfd         Code  Gb  U32ToDbl.o [4]
__aeabi_uldivmod             0x6fb5         Code  Gb  I64DivMod.o [5]
__cexit_closeall             0xce9b         Code  Gb  cexit.o [5]
__close                      0xd09d   0x18  Code  Gb  close.o [6]
__cmain                      0xce4d         Code  Gb  cmain.o [5]
__cstart_closeall            0xd3fc         Data  Gb  cstart_closeall.o [5]
__data_GetMemChunk           0x4c0d   0x2c  Code  Gb  xgetmemchunk.o [2]
__data_GetMemChunk::start
                        0x2000'0a3c    0x4  Data  Lc  xgetmemchunk.o [2]
__exit                       0x71e5   0x14  Code  Gb  exit.o [6]
__iar_Fail_s                 0x76c1   0x1c  Code  Gb  xfail_s.o [2]
__iar_Mbcurmax               0x7791    0xa  Code  Gb  xmbcurmax.o [2]
__iar_Memchr                 0x7739         Code  Gb  memchr.o [5]
__iar_Memset4_word           0x1f21         Code  Gb  ABImemset48.o [5]
__iar_Memset8_word           0x1f21         Code  Gb  ABImemset48.o [5]
__iar_Memset_word            0x5f71         Code  Gb  ABImemset.o [5]
__iar_Stderr            0x2000'02d8   0x48  Data  Gb  xfiles.o [2]
__iar_Stdin             0x2000'0248   0x48  Data  Gb  xfiles.o [2]
__iar_Stdout            0x2000'0290   0x48  Data  Gb  xfiles.o [2]
__iar_dadd                   0x79b9         Code  Gb  DblSub.o [4]
__iar_data_init3             0xce6d   0x28  Code  Gb  data_init.o [5]
__iar_dlcalloc               0x3e41   0x3e  Code  Gb  dlmalloc.o [2]
__iar_dlfree                 0x394b  0x4f6  Code  Gb  dlmalloc.o [2]
__iar_dlmalloc               0x3695  0x2b6  Code  Gb  dlmalloc.o [2]
__iar_dsub                   0x7d1d         Code  Gb  DblAdd.o [4]
__iar_dsubStart              0x7d2f         Code  Gb  DblAdd.o [4]
__iar_fast_Strchr            0x7661         Code  Gb  strchr_fast.o [5]
__iar_fast_strchr            0x7661         Code  Gb  strchr_fast.o [5]
__iar_frexp                  0x77a9         Code  Gb  frexp.o [4]
__iar_frexpl                 0x77a9         Code  Gb  frexp.o [4]
__iar_globLocale        0x2000'0200   0x48  Data  Lc  xlocale_c.o [2]
__iar_global_Locale          0x75e9    0x4  Code  Gb  xlocale_c.o [2]
__iar_init_vfp               0xce29         Code  Gb  fpinit_M.o [4]
__iar_ldexp64                0x786d         Code  Gb  ldexp.o [4]
__iar_packbits_init3         0xd423   0x9c  Code  Gb  packbits_init.o [5]
__iar_program_start          0xd401         Code  Gb  cstartup_M.o [5]
__iar_scalbln64              0x786d         Code  Gb  ldexp.o [4]
__iar_scalbn64               0x786d         Code  Gb  ldexp.o [4]
__iar_sh_Discard             0xd0c9   0x42  Code  Gb  XShHandles.o [2]
__iar_sh_Move                0xd10b   0x46  Code  Gb  XShHandles.o [2]
__iar_sh_Pos                 0xd151   0x3e  Code  Gb  XShHandles.o [2]
__iar_softfp___iar_frexp64
                             0x779d         Code  Gb  frexp.o [4]
__iar_softfp_frexp           0x779d         Code  Gb  frexp.o [4]
__iar_softfp_frexpl          0x779d         Code  Gb  frexp.o [4]
__iar_zero_init3             0x4bd3   0x3a  Code  Gb  zero_init3.o [5]
__lseek                      0xd3b1   0x4a  Code  Gb  lseek.o [6]
__vector_table                  0x0         Data  Gb  startup_MK66F18.o [1]
__vector_table_0x1c            0x1c         Data  Gb  startup_MK66F18.o [1]
__write                      0xb081   0x28  Code  Wk  fsl_debug_console.o [1]
_call_main                   0xce59         Code  Gb  cmain.o [5]
_exit                        0xce99         Code  Gb  cexit.o [5]
_gLocale_mblen               0x764d    0x4  Code  Gb  xlocale_c.o [2]
_gLocale_mblenInt            0x7611   0x2c  Code  Gb  xlocale_c.o [2]
_gLocale_wctomb              0x7651    0x4  Code  Gb  xlocale_c.o [2]
_gLocale_wctombInt           0x7649    0x4  Code  Gb  xlocale_c.o [2]
_gm_                    0x2000'0864  0x1d8  Data  Lc  dlmalloc.o [2]
_main                        0xce67         Code  Gb  cmain.o [5]
abort                        0x4bcd    0x6  Code  Gb  abort.o [2]
add_segment                  0x2d35  0x1f2  Code  Lc  dlmalloc.o [2]
align_write                  0x9d9d   0x46  Code  Lc  ef_env.o [1]
alloc_env                    0x91f1  0x716  Code  Lc  ef_env.o [1]
alloc_env_cb                 0x919d   0x2e  Code  Lc  ef_env.o [1]
arm_sin_f32                  0xcc05   0x8c  Code  Gb  arm_sin_f32.o [3]
call_stack_info         0x2000'03c4   0x90  Data  Lc  cm_backtrace.o [1]
check_and_recovery_env_cb
                             0xa6e1   0x80  Code  Lc  ef_env.o [1]
check_and_recovery_gc_cb
                             0xa4cd  0x212  Code  Lc  ef_env.o [1]
check_sec_hdr_cb             0xa3fd   0xbe  Code  Lc  ef_env.o [1]
cm_backtrace_fault           0x81f1  0x312  Code  Gb  cm_backtrace.o [1]
cm_backtrace_fault::__FUNCTION__
                             0x85a4   0x14  Data  Lc  cm_backtrace.o [1]
cm_backtrace_init            0x7f05   0x6e  Code  Gb  cm_backtrace.o [1]
code_size               0x2000'0464    0x4  Data  Lc  cm_backtrace.o [1]
code_start_addr         0x2000'0460    0x4  Data  Lc  cm_backtrace.o [1]
crc32_table                  0xe2a8  0x400  Data  Lc  ef_utils.o [1]
create_env_blob              0x9de5  0x41a  Code  Lc  ef_env.o [1]
default_env_set         0x2000'0624    0x4  Data  Lc  ef_env.o [1]
default_env_set              0x87f4   0x18  Data  Lc  ef_port.o [1]
default_env_set_size    0x2000'0628    0x4  Data  Lc  ef_env.o [1]
del_env::last_is_complete_del
                        0x2000'061f    0x1  Data  Lc  ef_env.o [1]
do_gc                        0x9c41  0x13c  Code  Lc  ef_env.o [1]
easyflash_init               0x8631   0x3e  Code  Gb  easyflash.o [1]
ebuf                    0x2000'0a44   0x50  Data  Lc  xfiles.o [2]
ef_calc_crc32                0xada1   0x8c  Code  Gb  ef_utils.o [1]
ef_env_init                  0xac59   0x84  Code  Gb  ef_env.o [1]
ef_env_init::__FUNCTION__
                             0xad88    0xc  Data  Lc  ef_env.o [1]
ef_env_set_default           0xa271  0x14a  Code  Gb  ef_env.o [1]
ef_env_set_default::__FUNCTION__
                             0xa3cc   0x14  Data  Lc  ef_env.o [1]
ef_load_env                  0xa761  0x4f8  Code  Gb  ef_env.o [1]
ef_log_debug                 0x8749    0x6  Code  Gb  ef_port.o [1]
ef_log_info                  0x874f    0x6  Code  Gb  ef_port.o [1]
ef_port_erase                0x86b9   0x5c  Code  Gb  ef_port.o [1]
ef_port_erase::__FUNCTION__
                             0x8794   0x10  Data  Lc  ef_port.o [1]
ef_port_init                 0x867d    0xc  Code  Gb  ef_port.o [1]
ef_port_read                 0x8689   0x30  Code  Gb  ef_port.o [1]
ef_port_read::__FUNCTION__
                             0x8754   0x10  Data  Lc  ef_port.o [1]
ef_port_write                0x8715   0x30  Code  Gb  ef_port.o [1]
ef_port_write::__FUNCTION__
                             0x87e4   0x10  Data  Lc  ef_port.o [1]
env_cache_table         0x2000'059c   0x80  Data  Gb  ef_env.o [1]
env_iterator                 0x8d61  0x11e  Code  Lc  ef_env.o [1]
env_start_addr          0x2000'0620    0x4  Data  Lc  ef_env.o [1]
exit                         0xce95    0x4  Code  Gb  exit.o [2]
fault_diagnosis              0x7f79  0x274  Code  Lc  cm_backtrace.o [1]
fclose                       0xcee5   0x7e  Code  Gb  fclose.o [2]
fflush                       0xd065   0x34  Code  Gb  fflush.o [2]
fflushOne                    0xcff1   0x74  Code  Lc  fflush.o [2]
find_env                     0x8ebd  0x238  Code  Lc  ef_env.o [1]
find_env_cb                  0x8e85   0x38  Code  Lc  ef_env.o [1]
flash_blockBaseAddr     0x2000'04cc    0x4  Data  Gb  drv_ftfx_flash.o [1]
flash_cacheConfig       0x2000'053c    0x8  Data  Gb  drv_ftfx_flash.o [1]
flash_config            0x2000'04d8   0x64  Data  Gb  drv_ftfx_flash.o [1]
flash_sectorSize        0x2000'04d4    0x4  Data  Gb  drv_ftfx_flash.o [1]
flash_securityStatus    0x2000'04c8    0x4  Data  Gb  drv_ftfx_flash.o [1]
flash_totalSize         0x2000'04d0    0x4  Data  Gb  drv_ftfx_flash.o [1]
format_sector::__FUNCTION__
                             0xad58   0x10  Data  Lc  ef_env.o [1]
fputc                        0xd1a1   0x54  Code  Gb  fputc.o [2]
fseek                        0xd2a9   0x24  Code  Gb  fseek.o [2]
fw_name                 0x2000'0468   0x20  Data  Lc  cm_backtrace.o [1]
g_dspiDummyData         0x2000'0678    0x4  Data  Gb  fsl_dspi.o [1]
g_dspiHandle            0x2000'0664    0xc  Data  Lc  fsl_dspi.o [1]
g_serialHandle          0x2000'0660    0x4  Data  Gb  fsl_debug_console.o [1]
g_xtal0Freq             0x2000'01bc    0x4  Data  Gb  fsl_clock.o [1]
g_xtal32Freq            0x2000'01c0    0x4  Data  Gb  fsl_clock.o [1]
gc_check_cb                  0x9c31    0xe  Code  Lc  ef_env.o [1]
gc_request              0x2000'061d    0x1  Data  Lc  ef_env.o [1]
get_next_env_addr            0x8a9d  0x162  Code  Lc  ef_env.o [1]
hw_ver                  0x2000'0488   0x20  Data  Lc  cm_backtrace.o [1]
in_recovery_check       0x2000'061e    0x1  Data  Lc  ef_env.o [1]
init_mparams                 0x2987   0x32  Code  Lc  dlmalloc.o [2]
init_ok                 0x2000'0454    0x1  Data  Lc  cm_backtrace.o [1]
init_ok                 0x2000'061c    0x1  Data  Lc  ef_env.o [1]
init_top                     0x29b9   0x36  Code  Lc  dlmalloc.o [2]
kPFlashDensities             0x4f4c   0x20  Data  Lc  fsl_ftfx_flash.o [1]
ldexp                        0x786d         Code  Gb  ldexp.o [4]
ldexpl                       0x786d         Code  Gb  ldexp.o [4]
localeconv                   0x7655    0x4  Code  Gb  xlocale_c.o [2]
main                         0xc1d9   0xac  Code  Gb  main.o [1]
main_stack_size         0x2000'045c    0x4  Data  Lc  cm_backtrace.o [1]
main_stack_start_addr   0x2000'0458    0x4  Data  Lc  cm_backtrace.o [1]
mcgConfig_RTECLK_HsRun_180MHz
                             0x7ee8    0xc  Data  Gb  clock_config.o [1]
memchr                       0x7739         Code  Gb  memchr.o [5]
menu_butonPitMgrHandle  0x2000'00a4    0x4  Data  Gb  app_menu_button.o [1]
menu_button             0x2000'0000   0xa0  Data  Gb  app_menu_button.o [1]
menu_currItem           0x2000'015c    0x4  Data  Gb  app_menu.o [1]
menu_currList           0x2000'0158    0x4  Data  Gb  app_menu.o [1]
menu_currRegionNum      0x2000'0168    0x4  Data  Gb  app_menu.o [1]
menu_dispStrBuf         0x2000'00a8   0xb0  Data  Gb  app_menu.o [1]
menu_itemAdjustLut           0x10fc   0x10  Data  Gb  app_menu_type.o [1]
menu_itemCnt            0x2000'0378    0x4  Data  Gb  app_menu_type.o [1]
menu_keyOpBuff          0x2000'00a0    0x4  Data  Gb  app_menu_button.o [1]
menu_listCnt            0x2000'037c    0x4  Data  Gb  app_menu_type.o [1]
menu_manageList         0x2000'0164    0x4  Data  Gb  app_menu.o [1]
menu_menuRoot           0x2000'0160    0x4  Data  Gb  app_menu.o [1]
menu_nvmCopyDst         0x2000'0178    0x4  Data  Gb  app_menu.o [1]
menu_nvmCopySrc         0x2000'0174    0x4  Data  Gb  app_menu.o [1]
menu_nvm_cache          0x2000'0370    0x4  Data  Gb  app_menu_nvm.o [1]
menu_nvm_cachedSector   0x2000'0374    0x4  Data  Gb  app_menu_nvm.o [1]
menu_nvm_dataSize       0x2000'0194    0x4  Data  Gb  app_menu_nvm.o [1]
menu_nvm_glAddrOffset   0x2000'0350    0x4  Data  Gb  app_menu_nvm.o [1]
menu_nvm_glSectCnt      0x2000'0188    0x4  Data  Gb  app_menu_nvm.o [1]
menu_nvm_glSectOffset   0x2000'018c    0x4  Data  Gb  app_menu_nvm.o [1]
menu_nvm_rgAddrOffset   0x2000'0360    0xc  Data  Gb  app_menu_nvm.o [1]
menu_nvm_rgSectCnt      0x2000'0190    0x4  Data  Gb  app_menu_nvm.o [1]
menu_nvm_rgSectOffset   0x2000'0354    0xc  Data  Gb  app_menu_nvm.o [1]
menu_nvm_statusFlagAddr
                        0x2000'0170    0x4  Data  Gb  app_menu.o [1]
menu_nvm_totalSectCnt   0x2000'036c    0x4  Data  Gb  app_menu_nvm.o [1]
menu_statusFlag         0x2000'016c    0x4  Data  Gb  app_menu.o [1]
move_env                     0x992d  0x2fe  Code  Lc  ef_env.o [1]
mparams                 0x2000'084c   0x18  Data  Lc  dlmalloc.o [2]
obuf                    0x2000'0a94   0x50  Data  Lc  xfiles.o [2]
on_fault                0x2000'0455    0x1  Data  Lc  cm_backtrace.o [1]
oscConfig_RTECLK_HsRun_180MHz
                             0x7efc    0x8  Data  Gb  clock_config.o [1]
pitmgr_isrSet           0x2000'083c   0x10  Data  Gb  sys_pitmgr.o [1]
pitmgr_timer_ms         0x2000'0838    0x4  Data  Gb  sys_pitmgr.o [1]
prepend_alloc                0x29ef  0x346  Code  Lc  dlmalloc.o [2]
printf                       0x4fe1   0x28  Code  Gb  printf.o [2]
putchar                      0xd195    0xc  Code  Gb  putchar.o [2]
read_env                     0x8c01  0x152  Code  Lc  ef_env.o [1]
read_env::__FUNCTION__       0x8d54    0xc  Data  Lc  ef_env.o [1]
read_sector_meta_data::__FUNCTION__
                             0xad28   0x18  Data  Lc  ef_env.o [1]
regs                    0x2000'0380   0x44  Data  Lc  cm_backtrace.o [1]
remove                       0xd0b5   0x14  Code  Gb  remove.o [6]
sFileInfo               0x2000'0ae4   0x80  Data  Lc  XShHandles.o [2]
s_EDMAHandle            0x2000'067c   0x80  Data  Lc  fsl_edma.o [1]
s_ENETHandle            0x2000'06fc    0x4  Data  Lc  fsl_enet.o [1]
s_UartAdapterBase            0xb214   0x14  Data  Lc  uart_adapter.o [1]
s_adc16Clocks                0xaff8    0x8  Data  Lc  fsl_adc16.o [1]
s_debugConsoleState     0x2000'0644   0x1c  Data  Lc  fsl_debug_console.o [1]
s_dmamuxClockName            0xb49c    0x4  Data  Lc  fsl_dmamux.o [1]
s_dspiMasterIsr         0x2000'0670    0x4  Data  Lc  fsl_dspi.o [1]
s_dspiSlaveIsr          0x2000'0674    0x4  Data  Lc  fsl_dspi.o [1]
s_edmaClockName              0xb58c    0x4  Data  Lc  fsl_edma.o [1]
s_enetErrIsr            0x2000'0708    0x4  Data  Lc  fsl_enet.o [1]
s_enetRxIsr             0x2000'0704    0x4  Data  Lc  fsl_enet.o [1]
s_enetTxIsr             0x2000'0700    0x4  Data  Lc  fsl_enet.o [1]
s_extPllFreq            0x2000'01b8    0x4  Data  Lc  fsl_clock.o [1]
s_fastIrcFreq           0x2000'01b4    0x4  Data  Lc  fsl_clock.o [1]
s_flexcanHandle         0x2000'070c    0x8  Data  Lc  fsl_flexcan.o [1]
s_flexcanIsr            0x2000'0714    0x4  Data  Lc  fsl_flexcan.o [1]
s_ftfxCommonBitOperation
                        0x2000'0718   0x40  Data  Lc  fsl_ftfx_cache.o [1]
s_ftfxCommonBitOperationFunctionCode
                             0x4fc4   0x1c  Data  Lc  fsl_ftfx_cache.o [1]
s_ftfxRunCommand        0x2000'0758   0x40  Data  Lc  fsl_ftfx_controller.o [1]
s_ftfxRunCommandFunctionCode
                             0x7254    0xc  Data  Lc  fsl_ftfx_controller.o [1]
s_ftmClocks                  0xbee8   0x10  Data  Lc  fsl_ftm.o [1]
s_i2cClocks                  0xc154   0x10  Data  Lc  fsl_i2c.o [1]
s_i2cDividerTable            0xf0a4   0x80  Data  Lc  fsl_i2c.o [1]
s_i2cHandle             0x2000'0798   0x10  Data  Lc  fsl_i2c.o [1]
s_i2cMasterIsr          0x2000'07a8    0x4  Data  Lc  fsl_i2c.o [1]
s_i2cSlaveIsr           0x2000'07ac    0x4  Data  Lc  fsl_i2c.o [1]
s_lpuartHandle          0x2000'07b0    0x4  Data  Lc  fsl_lpuart.o [1]
s_lpuartIsr             0x2000'07b4    0x4  Data  Lc  fsl_lpuart.o [1]
s_pitClocks                  0x6140    0x4  Data  Lc  fsl_pit.o [1]
s_saiHandle             0x2000'07b8    0x8  Data  Lc  fsl_sai.o [1]
s_saiRxIsr              0x2000'07c4    0x4  Data  Lc  fsl_sai.o [1]
s_saiTxIsr              0x2000'07c0    0x4  Data  Lc  fsl_sai.o [1]
s_sdhcHandle            0x2000'07c8    0x4  Data  Lc  fsl_sdhc.o [1]
s_sdhcIsr               0x2000'07cc    0x4  Data  Lc  fsl_sdhc.o [1]
s_slowIrcFreq           0x2000'01b0    0x4  Data  Lc  fsl_clock.o [1]
s_uartClock                  0xb458   0x14  Data  Lc  fsl_uart.o [1]
s_uartHandle            0x2000'07d0   0x14  Data  Lc  fsl_uart.o [1]
s_uartIsr               0x2000'07e4    0x4  Data  Lc  fsl_uart.o [1]
scalbln                      0x786d         Code  Gb  ldexp.o [4]
scalblnl                     0x786d         Code  Gb  ldexp.o [4]
scalbn                       0x786d         Code  Gb  ldexp.o [4]
scalbnl                      0x786d         Code  Gb  ldexp.o [4]
scale                        0x57ff   0x46  Code  Lc  xprintffull.o [2]
sec_hand                0x2000'0a40    0x4  Data  Lc  xfail_s.o [2]
sector_cache_table      0x2000'057c   0x20  Data  Gb  ef_env.o [1]
sector_statistics_cb         0x917b   0x22  Code  Lc  ef_env.o [1]
segment_holding              0x296d   0x1a  Code  Lc  dlmalloc.o [2]
set_env::env            0x2000'0544   0x38  Data  Lc  ef_env.o [1]
set_env::sector         0x2000'062c   0x18  Data  Lc  ef_env.o [1]
simConfig_RTECLK_HsRun_180MHz
                             0x7ef4    0x8  Data  Gb  clock_config.o [1]
sinTable_f32                 0xd4c0  0x804  Data  Gb  arm_common_tables.o [3]
snprintf                     0x454d   0x44  Code  Gb  snprintf.o [2]
sprintf                      0x85e5   0x40  Code  Gb  sprintf.o [2]
stack_is_overflow       0x2000'0456    0x1  Data  Lc  cm_backtrace.o [1]
status                  0x2000'01ac    0x4  Data  Gb  ef_port.o [1]
strlen                       0x7701         Code  Gb  strlen.o [5]
strncmp                      0x4649   0x28  Code  Gb  strncmp.o [2]
strncpy                      0x45d9         Code  Gb  strncpy.o [5]
sw_ver                  0x2000'04a8   0x20  Data  Lc  cm_backtrace.o [1]
sys_alloc                    0x2f2d  0x164  Code  Lc  dlmalloc.o [2]
sys_trim                     0x3091   0x64  Code  Lc  dlmalloc.o [2]
tmalloc_large                0x3101  0x386  Code  Lc  dlmalloc.o [2]
tmalloc_small                0x3487  0x200  Code  Lc  dlmalloc.o [2]
update_env_cache             0x8901  0x19c  Code  Lc  ef_env.o [1]
update_sec_status            0x90f9   0x82  Code  Lc  ef_env.o [1]
update_sector_cache          0x880d   0xf2  Code  Lc  ef_env.o [1]


[1] = C:\Users\CkovMk\Documents\GitHub\HTISIC_MK66F18\HITSIC_MK66F18_IAR\boards\HITSIC_MK66F18\__iar\Release\Obj
[2] = dl7M_tlf.a
[3] = iar_cortexM4lf_math.a
[4] = m7M_tls.a
[5] = rt7M_tl.a
[6] = shb_l.a

  54 462 bytes of readonly  code memory
   7 816 bytes of readonly  data memory
  72 548 bytes of readwrite data memory

Errors: none
Warnings: none
