###############################################################################
#
# IAR ELF Linker V8.32.3.193/W32 for ARM                  21/Oct/2019  12:58:02
# Copyright 2007-2019 IAR Systems AB.
#
#    Output file  =  
#        C:\Users\CkovMk\Documents\GitHub\HTISIC_MK66F18\HITSIC_MK66F16_IAR\boards\HITSIC_MK66F18\__iar\Debug\Exe\HITSIC_MK66F18.out
#    Map file     =  
#        C:\Users\CkovMk\Documents\GitHub\HTISIC_MK66F18\HITSIC_MK66F16_IAR\boards\HITSIC_MK66F18\__iar\Debug\List\HITSIC_MK66F18.map
#    Command line =  
#        -f C:\Users\CkovMk\AppData\Local\Temp\EW384B.tmp
#        (C:\Users\CkovMk\Documents\GitHub\HTISIC_MK66F18\HITSIC_MK66F16_IAR\boards\HITSIC_MK66F18\__iar\Debug\Obj\board.o
#        C:\Users\CkovMk\Documents\GitHub\HTISIC_MK66F18\HITSIC_MK66F16_IAR\boards\HITSIC_MK66F18\__iar\Debug\Obj\clock_config.o
#        C:\Users\CkovMk\Documents\GitHub\HTISIC_MK66F18\HITSIC_MK66F16_IAR\boards\HITSIC_MK66F18\__iar\Debug\Obj\fsl_adc16.o
#        C:\Users\CkovMk\Documents\GitHub\HTISIC_MK66F18\HITSIC_MK66F16_IAR\boards\HITSIC_MK66F18\__iar\Debug\Obj\fsl_assert.o
#        C:\Users\CkovMk\Documents\GitHub\HTISIC_MK66F18\HITSIC_MK66F16_IAR\boards\HITSIC_MK66F18\__iar\Debug\Obj\fsl_cache.o
#        C:\Users\CkovMk\Documents\GitHub\HTISIC_MK66F18\HITSIC_MK66F16_IAR\boards\HITSIC_MK66F18\__iar\Debug\Obj\fsl_clock.o
#        C:\Users\CkovMk\Documents\GitHub\HTISIC_MK66F18\HITSIC_MK66F16_IAR\boards\HITSIC_MK66F18\__iar\Debug\Obj\fsl_cmp.o
#        C:\Users\CkovMk\Documents\GitHub\HTISIC_MK66F18\HITSIC_MK66F16_IAR\boards\HITSIC_MK66F18\__iar\Debug\Obj\fsl_cmt.o
#        C:\Users\CkovMk\Documents\GitHub\HTISIC_MK66F18\HITSIC_MK66F16_IAR\boards\HITSIC_MK66F18\__iar\Debug\Obj\fsl_common.o
#        C:\Users\CkovMk\Documents\GitHub\HTISIC_MK66F18\HITSIC_MK66F16_IAR\boards\HITSIC_MK66F18\__iar\Debug\Obj\fsl_crc.o
#        C:\Users\CkovMk\Documents\GitHub\HTISIC_MK66F18\HITSIC_MK66F16_IAR\boards\HITSIC_MK66F18\__iar\Debug\Obj\fsl_dac.o
#        C:\Users\CkovMk\Documents\GitHub\HTISIC_MK66F18\HITSIC_MK66F16_IAR\boards\HITSIC_MK66F18\__iar\Debug\Obj\fsl_debug_console.o
#        C:\Users\CkovMk\Documents\GitHub\HTISIC_MK66F18\HITSIC_MK66F16_IAR\boards\HITSIC_MK66F18\__iar\Debug\Obj\fsl_dmamux.o
#        C:\Users\CkovMk\Documents\GitHub\HTISIC_MK66F18\HITSIC_MK66F16_IAR\boards\HITSIC_MK66F18\__iar\Debug\Obj\fsl_dspi.o
#        C:\Users\CkovMk\Documents\GitHub\HTISIC_MK66F18\HITSIC_MK66F16_IAR\boards\HITSIC_MK66F18\__iar\Debug\Obj\fsl_dspi_edma.o
#        C:\Users\CkovMk\Documents\GitHub\HTISIC_MK66F18\HITSIC_MK66F16_IAR\boards\HITSIC_MK66F18\__iar\Debug\Obj\fsl_edma.o
#        C:\Users\CkovMk\Documents\GitHub\HTISIC_MK66F18\HITSIC_MK66F16_IAR\boards\HITSIC_MK66F18\__iar\Debug\Obj\fsl_enet.o
#        C:\Users\CkovMk\Documents\GitHub\HTISIC_MK66F18\HITSIC_MK66F16_IAR\boards\HITSIC_MK66F18\__iar\Debug\Obj\fsl_ewm.o
#        C:\Users\CkovMk\Documents\GitHub\HTISIC_MK66F18\HITSIC_MK66F16_IAR\boards\HITSIC_MK66F18\__iar\Debug\Obj\fsl_flexbus.o
#        C:\Users\CkovMk\Documents\GitHub\HTISIC_MK66F18\HITSIC_MK66F16_IAR\boards\HITSIC_MK66F18\__iar\Debug\Obj\fsl_flexcan.o
#        C:\Users\CkovMk\Documents\GitHub\HTISIC_MK66F18\HITSIC_MK66F16_IAR\boards\HITSIC_MK66F18\__iar\Debug\Obj\fsl_ftfx_cache.o
#        C:\Users\CkovMk\Documents\GitHub\HTISIC_MK66F18\HITSIC_MK66F16_IAR\boards\HITSIC_MK66F18\__iar\Debug\Obj\fsl_ftfx_controller.o
#        C:\Users\CkovMk\Documents\GitHub\HTISIC_MK66F18\HITSIC_MK66F16_IAR\boards\HITSIC_MK66F18\__iar\Debug\Obj\fsl_ftfx_flash.o
#        C:\Users\CkovMk\Documents\GitHub\HTISIC_MK66F18\HITSIC_MK66F16_IAR\boards\HITSIC_MK66F18\__iar\Debug\Obj\fsl_ftfx_flexnvm.o
#        C:\Users\CkovMk\Documents\GitHub\HTISIC_MK66F18\HITSIC_MK66F16_IAR\boards\HITSIC_MK66F18\__iar\Debug\Obj\fsl_ftm.o
#        C:\Users\CkovMk\Documents\GitHub\HTISIC_MK66F18\HITSIC_MK66F16_IAR\boards\HITSIC_MK66F18\__iar\Debug\Obj\fsl_gpio.o
#        C:\Users\CkovMk\Documents\GitHub\HTISIC_MK66F18\HITSIC_MK66F16_IAR\boards\HITSIC_MK66F18\__iar\Debug\Obj\fsl_i2c.o
#        C:\Users\CkovMk\Documents\GitHub\HTISIC_MK66F18\HITSIC_MK66F16_IAR\boards\HITSIC_MK66F18\__iar\Debug\Obj\fsl_i2c_edma.o
#        C:\Users\CkovMk\Documents\GitHub\HTISIC_MK66F18\HITSIC_MK66F16_IAR\boards\HITSIC_MK66F18\__iar\Debug\Obj\fsl_llwu.o
#        C:\Users\CkovMk\Documents\GitHub\HTISIC_MK66F18\HITSIC_MK66F16_IAR\boards\HITSIC_MK66F18\__iar\Debug\Obj\fsl_lmem_cache.o
#        C:\Users\CkovMk\Documents\GitHub\HTISIC_MK66F18\HITSIC_MK66F16_IAR\boards\HITSIC_MK66F18\__iar\Debug\Obj\fsl_lptmr.o
#        C:\Users\CkovMk\Documents\GitHub\HTISIC_MK66F18\HITSIC_MK66F16_IAR\boards\HITSIC_MK66F18\__iar\Debug\Obj\fsl_lpuart.o
#        C:\Users\CkovMk\Documents\GitHub\HTISIC_MK66F18\HITSIC_MK66F16_IAR\boards\HITSIC_MK66F18\__iar\Debug\Obj\fsl_lpuart_edma.o
#        C:\Users\CkovMk\Documents\GitHub\HTISIC_MK66F18\HITSIC_MK66F16_IAR\boards\HITSIC_MK66F18\__iar\Debug\Obj\fsl_notifier.o
#        C:\Users\CkovMk\Documents\GitHub\HTISIC_MK66F18\HITSIC_MK66F16_IAR\boards\HITSIC_MK66F18\__iar\Debug\Obj\fsl_pdb.o
#        C:\Users\CkovMk\Documents\GitHub\HTISIC_MK66F18\HITSIC_MK66F16_IAR\boards\HITSIC_MK66F18\__iar\Debug\Obj\fsl_pit.o
#        C:\Users\CkovMk\Documents\GitHub\HTISIC_MK66F18\HITSIC_MK66F16_IAR\boards\HITSIC_MK66F18\__iar\Debug\Obj\fsl_pmc.o
#        C:\Users\CkovMk\Documents\GitHub\HTISIC_MK66F18\HITSIC_MK66F16_IAR\boards\HITSIC_MK66F18\__iar\Debug\Obj\fsl_rcm.o
#        C:\Users\CkovMk\Documents\GitHub\HTISIC_MK66F18\HITSIC_MK66F16_IAR\boards\HITSIC_MK66F18\__iar\Debug\Obj\fsl_rnga.o
#        C:\Users\CkovMk\Documents\GitHub\HTISIC_MK66F18\HITSIC_MK66F16_IAR\boards\HITSIC_MK66F18\__iar\Debug\Obj\fsl_rtc.o
#        C:\Users\CkovMk\Documents\GitHub\HTISIC_MK66F18\HITSIC_MK66F16_IAR\boards\HITSIC_MK66F18\__iar\Debug\Obj\fsl_sai.o
#        C:\Users\CkovMk\Documents\GitHub\HTISIC_MK66F18\HITSIC_MK66F16_IAR\boards\HITSIC_MK66F18\__iar\Debug\Obj\fsl_sai_edma.o
#        C:\Users\CkovMk\Documents\GitHub\HTISIC_MK66F18\HITSIC_MK66F16_IAR\boards\HITSIC_MK66F18\__iar\Debug\Obj\fsl_sbrk.o
#        C:\Users\CkovMk\Documents\GitHub\HTISIC_MK66F18\HITSIC_MK66F16_IAR\boards\HITSIC_MK66F18\__iar\Debug\Obj\fsl_sdhc.o
#        C:\Users\CkovMk\Documents\GitHub\HTISIC_MK66F18\HITSIC_MK66F16_IAR\boards\HITSIC_MK66F18\__iar\Debug\Obj\fsl_sdramc.o
#        C:\Users\CkovMk\Documents\GitHub\HTISIC_MK66F18\HITSIC_MK66F16_IAR\boards\HITSIC_MK66F18\__iar\Debug\Obj\fsl_shell.o
#        C:\Users\CkovMk\Documents\GitHub\HTISIC_MK66F18\HITSIC_MK66F16_IAR\boards\HITSIC_MK66F18\__iar\Debug\Obj\fsl_sim.o
#        C:\Users\CkovMk\Documents\GitHub\HTISIC_MK66F18\HITSIC_MK66F16_IAR\boards\HITSIC_MK66F18\__iar\Debug\Obj\fsl_smc.o
#        C:\Users\CkovMk\Documents\GitHub\HTISIC_MK66F18\HITSIC_MK66F16_IAR\boards\HITSIC_MK66F18\__iar\Debug\Obj\fsl_str.o
#        C:\Users\CkovMk\Documents\GitHub\HTISIC_MK66F18\HITSIC_MK66F16_IAR\boards\HITSIC_MK66F18\__iar\Debug\Obj\fsl_sysmpu.o
#        C:\Users\CkovMk\Documents\GitHub\HTISIC_MK66F18\HITSIC_MK66F16_IAR\boards\HITSIC_MK66F18\__iar\Debug\Obj\fsl_tpm.o
#        C:\Users\CkovMk\Documents\GitHub\HTISIC_MK66F18\HITSIC_MK66F16_IAR\boards\HITSIC_MK66F18\__iar\Debug\Obj\fsl_tsi_v4.o
#        C:\Users\CkovMk\Documents\GitHub\HTISIC_MK66F18\HITSIC_MK66F16_IAR\boards\HITSIC_MK66F18\__iar\Debug\Obj\fsl_uart.o
#        C:\Users\CkovMk\Documents\GitHub\HTISIC_MK66F18\HITSIC_MK66F16_IAR\boards\HITSIC_MK66F18\__iar\Debug\Obj\fsl_uart_edma.o
#        C:\Users\CkovMk\Documents\GitHub\HTISIC_MK66F18\HITSIC_MK66F16_IAR\boards\HITSIC_MK66F18\__iar\Debug\Obj\fsl_vref.o
#        C:\Users\CkovMk\Documents\GitHub\HTISIC_MK66F18\HITSIC_MK66F16_IAR\boards\HITSIC_MK66F18\__iar\Debug\Obj\fsl_wdog.o
#        C:\Users\CkovMk\Documents\GitHub\HTISIC_MK66F18\HITSIC_MK66F16_IAR\boards\HITSIC_MK66F18\__iar\Debug\Obj\generic_list.o
#        C:\Users\CkovMk\Documents\GitHub\HTISIC_MK66F18\HITSIC_MK66F16_IAR\boards\HITSIC_MK66F18\__iar\Debug\Obj\main.o
#        C:\Users\CkovMk\Documents\GitHub\HTISIC_MK66F18\HITSIC_MK66F16_IAR\boards\HITSIC_MK66F18\__iar\Debug\Obj\peripherals.o
#        C:\Users\CkovMk\Documents\GitHub\HTISIC_MK66F18\HITSIC_MK66F16_IAR\boards\HITSIC_MK66F18\__iar\Debug\Obj\pin_mux.o
#        C:\Users\CkovMk\Documents\GitHub\HTISIC_MK66F18\HITSIC_MK66F16_IAR\boards\HITSIC_MK66F18\__iar\Debug\Obj\serial_manager.o
#        C:\Users\CkovMk\Documents\GitHub\HTISIC_MK66F18\HITSIC_MK66F16_IAR\boards\HITSIC_MK66F18\__iar\Debug\Obj\serial_port_uart.o
#        C:\Users\CkovMk\Documents\GitHub\HTISIC_MK66F18\HITSIC_MK66F16_IAR\boards\HITSIC_MK66F18\__iar\Debug\Obj\startup_MK66F18.o
#        C:\Users\CkovMk\Documents\GitHub\HTISIC_MK66F18\HITSIC_MK66F16_IAR\boards\HITSIC_MK66F18\__iar\Debug\Obj\stdafx.o
#        C:\Users\CkovMk\Documents\GitHub\HTISIC_MK66F18\HITSIC_MK66F16_IAR\boards\HITSIC_MK66F18\__iar\Debug\Obj\system_MK66F18.o
#        C:\Users\CkovMk\Documents\GitHub\HTISIC_MK66F18\HITSIC_MK66F16_IAR\boards\HITSIC_MK66F18\__iar\Debug\Obj\uart_adapter.o
#        --redirect _Printf=_PrintfFull --redirect _Scanf=_ScanfFull
#        --no_out_extension -o
#        C:\Users\CkovMk\Documents\GitHub\HTISIC_MK66F18\HITSIC_MK66F16_IAR\boards\HITSIC_MK66F18\__iar\Debug\Exe\HITSIC_MK66F18.out
#        --map
#        C:\Users\CkovMk\Documents\GitHub\HTISIC_MK66F18\HITSIC_MK66F16_IAR\boards\HITSIC_MK66F18\__iar\Debug\List\HITSIC_MK66F18.map
#        --config
#        C:\Users\CkovMk\Documents\GitHub\HTISIC_MK66F18\HITSIC_MK66F16_IAR\boards\HITSIC_MK66F18\__iar\MK66FX1M0xxx18_flash.icf
#        --semihosting
#        C:\Users\CkovMk\Documents\GitHub\HTISIC_MK66F18\HITSIC_MK66F16_IAR\boards\HITSIC_MK66F18\__iar\..\..\..\CMSIS_5.6.0\DSP\Lib\IAR\iar_cortexM4lf_math.a
#        --entry __iar_program_start --redirect
#        __iar_sh_stdout=__iar_sh_stdout_swo --vfe --text_out locale
#        --advanced_heap)
#
###############################################################################

*******************************************************************************
*** RUNTIME MODEL ATTRIBUTES
***

CppFlavor       = *
__Heap_Handler  = DLMalloc
__SystemLibrary = DLib
__dlib_version  = 6


*******************************************************************************
*** HEAP SELECTION
***

The advanced heap was selected because of --advanced_heap.


*******************************************************************************
*** PLACEMENT SUMMARY
***

"A0":  place at 0x0 { ro section .intvec };
"P1":  place in [from 0x400 to 0x40f] { section FlashConfig };
"P2":  place in [from 0x0 to 0x3ff] |
                [from 0x410 to 0xf'ffff] { ro };
define block RW { rw };
"P3":  place in [from 0x1fff'0000 to 0x1fff'ffff] |
                [from 0x2000'0000 to 0x2002'fbff] { block RW };
define block ZI { zi };
"P4":  place in [from 0x1fff'0000 to 0x1fff'ffff] |
                [from 0x2000'0000 to 0x2002'fbff] { block ZI };
define block NCACHE_VAR { section NonCacheable, section NonCacheable.init };
"P7":  place in [from 0x1fff'0000 to 0x1fff'ffff] |
                [from 0x2000'0000 to 0x2002'fbff] { block NCACHE_VAR };
define block CSTACK with size = 1K, alignment = 8 { };
"P6":  place in [from 0x2002'fc00 to 0x2002'ffff] { block CSTACK };

No sections matched the following patterns:

  section NonCacheable       in block NCACHE_VAR
  section NonCacheable.init  in block NCACHE_VAR


  Section          Kind         Address    Size  Object
  -------          ----         -------    ----  ------
"A0":                                     0x400
  .intvec          ro code          0x0   0x400  startup_MK66F18.o [1]
                                - 0x400   0x400

"P1":                                      0x10
  FlashConfig      ro code        0x400    0x10  startup_MK66F18.o [1]
                                - 0x410    0x10

"P2":                                    0x1eda
  .rodata          const          0x410   0x804  arm_common_tables.o [3]
  .text            ro code        0xc14   0x46c  fsl_edma.o [1]
  .text            ro code       0x1080    0x18  fsl_assert.o [1]
  .text            ro code       0x1098    0xdc  fsl_debug_console.o [1]
  .text            ro code       0x1174    0xb0  serial_manager.o [1]
  .text            ro code       0x1224     0x6  ABImemclr4.o [5]
  .text            ro code       0x122a   0x2d0  fsl_str.o [1]
  .text            ro code       0x14fa    0x3a  zero_init3.o [5]
  .text            ro code       0x1534    0x60  serial_port_uart.o [1]
  .text            ro code       0x1594    0x32  ABImemset48.o [5]
  .text            ro code       0x15c6     0x2  startup_MK66F18.o [1]
  .text            ro code       0x15c8    0x36  strlen.o [5]
  .text            ro code       0x15fe     0x2  startup_MK66F18.o [1]
  .text            ro code       0x1600    0x70  uart_adapter.o [1]
  .text            ro code       0x1670    0xd4  fsl_uart.o [1]
  .text            ro code       0x1744    0xd0  fsl_dspi.o [1]
  .text            ro code       0x1814    0x8c  arm_sin_f32.o [3]
  .rodata          const         0x18a0    0x80  fsl_debug_console.o [1]
  .text            ro code       0x1920    0x80  fsl_i2c.o [1]
  .text            ro code       0x19a0    0x74  fsl_flexcan.o [1]
  .rodata          const         0x1a14    0x70  serial_manager.o [1]
  .rodata          const         0x1a84    0x70  serial_port_uart.o [1]
  .text            ro code       0x1af4    0x70  fsl_sai.o [1]
  .rodata          const         0x1b64    0x6c  fsl_flexcan.o [1]
  .rodata          const         0x1bd0    0x68  fsl_dspi.o [1]
  .rodata          const         0x1c38    0x68  fsl_edma.o [1]
  .rodata          const         0x1ca0    0x68  fsl_sai.o [1]
  .rodata          const         0x1d08    0x68  fsl_sdhc.o [1]
  .text            ro code       0x1d70    0x68  fsl_enet.o [1]
  .rodata          const         0x1dd8    0x64  uart_adapter.o [1]
  .text            ro code       0x1e3c    0x40  fsl_sdhc.o [1]
  .text            ro code       0x1e7c    0x36  system_MK66F18.o [1]
  .text            ro code       0x1eb2     0x2  startup_MK66F18.o [1]
  .rodata          const         0x1eb4    0x2c  fsl_assert.o [1]
  .text            ro code       0x1ee0    0x28  startup_MK66F18.o [1]
  .text            ro code       0x1f08    0x28  data_init.o [5]
  .text            ro code       0x1f30    0x24  fsl_lpuart.o [1]
  .text            ro code       0x1f54    0x22  fpinit_M.o [4]
  .iar.init_table  const         0x1f78    0x10  - Linker created -
  .text            ro code       0x1f88     0x2  startup_MK66F18.o [1]
  .text            ro code       0x1f8c    0x1e  cmain.o [5]
  .text            ro code       0x1faa     0x4  low_level_init.o [2]
  .text            ro code       0x1fae     0x2  startup_MK66F18.o [1]
  .text            ro code       0x1fb0    0x14  main.o [1]
  .text            ro code       0x1fc4     0x4  exit.o [2]
  .text            ro code       0x1fc8     0xa  cexit.o [5]
  .text            ro code       0x1fd2     0x2  startup_MK66F18.o [1]
  .text            ro code       0x1fd4    0x14  exit.o [6]
  .rodata          const         0x1fe8    0x1c  fsl_edma.o [1]
  .rodata          const         0x2004    0x18  fsl_dspi.o [1]
  .rodata          const         0x201c    0x18  fsl_dspi.o [1]
  .rodata          const         0x2034    0x18  fsl_dspi.o [1]
  .rodata          const         0x204c    0x18  fsl_flexcan.o [1]
  .rodata          const         0x2064    0x18  fsl_flexcan.o [1]
  .rodata          const         0x207c    0x14  fsl_sai.o [1]
  .rodata          const         0x2090    0x14  fsl_sai.o [1]
  .rodata          const         0x20a4    0x14  uart_adapter.o [1]
  .rodata          const         0x20b8    0x10  fsl_sdhc.o [1]
  .rodata          const         0x20c8    0x10  serial_port_uart.o [1]
  .rodata          const         0x20d8     0xc  fsl_debug_console.o [1]
  .rodata          const         0x20e4     0xc  fsl_edma.o [1]
  .rodata          const         0x20f0     0xc  serial_manager.o [1]
  .text            ro code       0x20fc     0xc  cstartup_M.o [5]
  .rodata          const         0x2108     0x8  fsl_debug_console.o [1]
  .rodata          const         0x2110     0x8  serial_manager.o [1]
  .rodata          const         0x2118     0x8  serial_manager.o [1]
  .rodata          const         0x2120     0x8  serial_manager.o [1]
  .rodata          const         0x2128     0x8  serial_port_uart.o [1]
  .rodata          const         0x2130     0x8  serial_port_uart.o [1]
  .rodata          const         0x2138     0x8  uart_adapter.o [1]
  .rodata          const         0x2140     0x8  uart_adapter.o [1]
  .rodata          const         0x2148     0x8  uart_adapter.o [1]
  .text            ro code       0x2150     0x8  startup_MK66F18.o [1]
  .text            ro code       0x2158     0x8  startup_MK66F18.o [1]
  .text            ro code       0x2160     0x8  startup_MK66F18.o [1]
  .text            ro code       0x2168     0x8  startup_MK66F18.o [1]
  .text            ro code       0x2170     0x8  startup_MK66F18.o [1]
  .text            ro code       0x2178     0x8  startup_MK66F18.o [1]
  .text            ro code       0x2180     0x8  startup_MK66F18.o [1]
  .text            ro code       0x2188     0x8  startup_MK66F18.o [1]
  .text            ro code       0x2190     0x8  startup_MK66F18.o [1]
  .text            ro code       0x2198     0x8  startup_MK66F18.o [1]
  .text            ro code       0x21a0     0x8  startup_MK66F18.o [1]
  .text            ro code       0x21a8     0x8  startup_MK66F18.o [1]
  .text            ro code       0x21b0     0x8  startup_MK66F18.o [1]
  .text            ro code       0x21b8     0x8  startup_MK66F18.o [1]
  .text            ro code       0x21c0     0x8  startup_MK66F18.o [1]
  .text            ro code       0x21c8     0x8  startup_MK66F18.o [1]
  .text            ro code       0x21d0     0x8  startup_MK66F18.o [1]
  .text            ro code       0x21d8     0x8  startup_MK66F18.o [1]
  .text            ro code       0x21e0     0x8  startup_MK66F18.o [1]
  .text            ro code       0x21e8     0x8  startup_MK66F18.o [1]
  .text            ro code       0x21f0     0x8  startup_MK66F18.o [1]
  .text            ro code       0x21f8     0x8  startup_MK66F18.o [1]
  .text            ro code       0x2200     0x8  startup_MK66F18.o [1]
  .text            ro code       0x2208     0x8  startup_MK66F18.o [1]
  .text            ro code       0x2210     0x8  startup_MK66F18.o [1]
  .text            ro code       0x2218     0x8  startup_MK66F18.o [1]
  .text            ro code       0x2220     0x8  startup_MK66F18.o [1]
  .text            ro code       0x2228     0x8  startup_MK66F18.o [1]
  .text            ro code       0x2230     0x8  startup_MK66F18.o [1]
  .text            ro code       0x2238     0x8  startup_MK66F18.o [1]
  .text            ro code       0x2240     0x8  startup_MK66F18.o [1]
  .text            ro code       0x2248     0x8  startup_MK66F18.o [1]
  .text            ro code       0x2250     0x8  startup_MK66F18.o [1]
  .text            ro code       0x2258     0x8  startup_MK66F18.o [1]
  .text            ro code       0x2260     0x8  startup_MK66F18.o [1]
  .text            ro code       0x2268     0x8  startup_MK66F18.o [1]
  .text            ro code       0x2270     0x8  startup_MK66F18.o [1]
  .text            ro code       0x2278     0x8  startup_MK66F18.o [1]
  .text            ro code       0x2280     0x8  startup_MK66F18.o [1]
  .text            ro code       0x2288     0x8  startup_MK66F18.o [1]
  .text            ro code       0x2290     0x8  startup_MK66F18.o [1]
  .text            ro code       0x2298     0x8  startup_MK66F18.o [1]
  .text            ro code       0x22a0     0x8  startup_MK66F18.o [1]
  .text            ro code       0x22a8     0x8  startup_MK66F18.o [1]
  .text            ro code       0x22b0     0x8  startup_MK66F18.o [1]
  .text            ro code       0x22b8     0x8  startup_MK66F18.o [1]
  .text            ro code       0x22c0     0x8  startup_MK66F18.o [1]
  .text            ro code       0x22c8     0x8  startup_MK66F18.o [1]
  .text            ro code       0x22d0     0x8  startup_MK66F18.o [1]
  .text            ro code       0x22d8     0x8  startup_MK66F18.o [1]
  .text            ro code       0x22e0     0x4  startup_MK66F18.o [1]
  .text            ro code       0x22e4     0x2  startup_MK66F18.o [1]
  .text            ro code       0x22e6     0x2  startup_MK66F18.o [1]
  .text            ro code       0x22e8     0x2  startup_MK66F18.o [1]
  .rodata          const         0x22ea     0x0  zero_init3.o [5]
                               - 0x22ea  0x1eda

"P3-P4|P7":                               0x124
  ZI                        0x1fff'0000   0x124  <Block>
    .bss           zero     0x1fff'0000    0x1c  fsl_debug_console.o [1]
    .bss           zero     0x1fff'001c     0x4  fsl_debug_console.o [1]
    .bss           zero     0x1fff'0020     0xc  fsl_dspi.o [1]
    .bss           zero     0x1fff'002c     0x4  fsl_dspi.o [1]
    .bss           zero     0x1fff'0030     0x4  fsl_dspi.o [1]
    .bss           zero     0x1fff'0034    0x80  fsl_edma.o [1]
    .bss           zero     0x1fff'00b4     0x4  fsl_enet.o [1]
    .bss           zero     0x1fff'00b8     0x4  fsl_enet.o [1]
    .bss           zero     0x1fff'00bc     0x4  fsl_enet.o [1]
    .bss           zero     0x1fff'00c0     0x4  fsl_enet.o [1]
    .bss           zero     0x1fff'00c4     0x4  fsl_enet.o [1]
    .bss           zero     0x1fff'00c8     0x8  fsl_flexcan.o [1]
    .bss           zero     0x1fff'00d0     0x4  fsl_flexcan.o [1]
    .bss           zero     0x1fff'00d4    0x10  fsl_i2c.o [1]
    .bss           zero     0x1fff'00e4     0x4  fsl_i2c.o [1]
    .bss           zero     0x1fff'00e8     0x4  fsl_i2c.o [1]
    .bss           zero     0x1fff'00ec     0x4  fsl_lpuart.o [1]
    .bss           zero     0x1fff'00f0     0x4  fsl_lpuart.o [1]
    .bss           zero     0x1fff'00f4     0x8  fsl_sai.o [1]
    .bss           zero     0x1fff'00fc     0x4  fsl_sai.o [1]
    .bss           zero     0x1fff'0100     0x4  fsl_sai.o [1]
    .bss           zero     0x1fff'0104     0x4  fsl_sdhc.o [1]
    .bss           zero     0x1fff'0108     0x4  fsl_sdhc.o [1]
    .bss           zero     0x1fff'010c    0x14  fsl_uart.o [1]
    .bss           zero     0x1fff'0120     0x4  fsl_uart.o [1]
                          - 0x1fff'0124   0x124

"P6":                                     0x400
  CSTACK                    0x2002'fc00   0x400  <Block>
    CSTACK         uninit   0x2002'fc00   0x400  <Block tail>
                          - 0x2003'0000   0x400

Unused ranges:

         From           To      Size
         ----           --      ----
       0x22ea     0xf'ffff  0xf'dd16
  0x1fff'0124  0x1fff'ffff    0xfedc
  0x2000'0000  0x2002'fbff  0x2'fc00


*******************************************************************************
*** INIT TABLE
***

          Address      Size
          -------      ----
Zero (__iar_zero_init3)
    1 destination range, total size 0x124:
          0x1fff'0000  0x124



*******************************************************************************
*** MODULE SUMMARY
***

    Module               ro code  ro data  rw data
    ------               -------  -------  -------
command line/config:
    ----------------------------------------------
    Total:

C:\Users\CkovMk\Documents\GitHub\HTISIC_MK66F18\HITSIC_MK66F16_IAR\boards\HITSIC_MK66F18\__iar\Debug\Obj: [1]
    fsl_assert.o              24       44
    fsl_debug_console.o      220      148       32
    fsl_dspi.o               208      176       20
    fsl_edma.o             1 132      144      128
    fsl_enet.o               104                20
    fsl_flexcan.o            116      156       12
    fsl_i2c.o                128                24
    fsl_lpuart.o              36                 8
    fsl_sai.o                112      144       16
    fsl_sdhc.o                64      120        8
    fsl_str.o                720
    fsl_uart.o               212                24
    main.o                    20
    serial_manager.o         176      148
    serial_port_uart.o        96      144
    startup_MK66F18.o      1 502
    system_MK66F18.o          54
    uart_adapter.o           112      144
    ----------------------------------------------
    Total:                 5 036    1 368      292

dl7M_tlf.a: [2]
    exit.o                     4
    low_level_init.o           4
    ----------------------------------------------
    Total:                     8

iar_cortexM4lf_math.a: [3]
    arm_common_tables.o             2 052
    arm_sin_f32.o            140
    ----------------------------------------------
    Total:                   140    2 052

m7M_tls.a: [4]
    fpinit_M.o                34
    ----------------------------------------------
    Total:                    34

rt7M_tl.a: [5]
    ABImemclr4.o               6
    ABImemset48.o             50
    cexit.o                   10
    cmain.o                   30
    cstartup_M.o              12
    data_init.o               40
    strlen.o                  54
    zero_init3.o              58
    ----------------------------------------------
    Total:                   260

shb_l.a: [6]
    exit.o                    20
    ----------------------------------------------
    Total:                    20

    Gaps                       2        2
    Linker created                     16    1 024
--------------------------------------------------
    Grand Total:           5 500    3 438    1 316


*******************************************************************************
*** ENTRY LIST
***

Entry                       Address   Size  Type      Object
-----                       -------   ----  ----      ------
.iar.init_table$$Base        0x1f78          --   Gb  - Linker created -
.iar.init_table$$Limit       0x1f88          --   Gb  - Linker created -
?main                        0x1f8d         Code  Gb  cmain.o [5]
CAN0_DriverIRQHandler        0x19a1   0x2a  Code  Gb  fsl_flexcan.o [1]
CAN1_DriverIRQHandler        0x19cd   0x2a  Code  Gb  fsl_flexcan.o [1]
CSTACK$$Base            0x2002'fc00          --   Gb  - Linker created -
CSTACK$$Limit           0x2003'0000          --   Gb  - Linker created -
ConvertRadixNumToString
                             0x122b   0x8a  Code  Lc  fsl_str.o [1]
DMA0_DMA16_DriverIRQHandler
                              0xd47   0x36  Code  Gb  fsl_edma.o [1]
DMA10_DMA26_DriverIRQHandler
                              0xf43   0x32  Code  Gb  fsl_edma.o [1]
DMA11_DMA27_DriverIRQHandler
                              0xf75   0x32  Code  Gb  fsl_edma.o [1]
DMA12_DMA28_DriverIRQHandler
                              0xfa7   0x32  Code  Gb  fsl_edma.o [1]
DMA13_DMA29_DriverIRQHandler
                              0xfd9   0x32  Code  Gb  fsl_edma.o [1]
DMA14_DMA30_DriverIRQHandler
                             0x100b   0x32  Code  Gb  fsl_edma.o [1]
DMA15_DMA31_DriverIRQHandler
                             0x103d   0x32  Code  Gb  fsl_edma.o [1]
DMA1_DMA17_DriverIRQHandler
                              0xd7d   0x32  Code  Gb  fsl_edma.o [1]
DMA2_DMA18_DriverIRQHandler
                              0xdaf   0x32  Code  Gb  fsl_edma.o [1]
DMA3_DMA19_DriverIRQHandler
                              0xde3   0x32  Code  Gb  fsl_edma.o [1]
DMA4_DMA20_DriverIRQHandler
                              0xe15   0x32  Code  Gb  fsl_edma.o [1]
DMA5_DMA21_DriverIRQHandler
                              0xe47   0x32  Code  Gb  fsl_edma.o [1]
DMA6_DMA22_DriverIRQHandler
                              0xe7b   0x32  Code  Gb  fsl_edma.o [1]
DMA7_DMA23_DriverIRQHandler
                              0xead   0x32  Code  Gb  fsl_edma.o [1]
DMA8_DMA24_DriverIRQHandler
                              0xedf   0x32  Code  Gb  fsl_edma.o [1]
DMA9_DMA25_DriverIRQHandler
                              0xf11   0x32  Code  Gb  fsl_edma.o [1]
DSPI_CommonIRQHandler        0x1753   0x2c  Code  Lc  fsl_dspi.o [1]
DSPI_IsMaster                0x1745    0xe  Code  Lc  fsl_dspi.o [1]
DbgConsole_PrintCallback
                             0x10e1   0x3e  Code  Lc  fsl_debug_console.o [1]
DbgConsole_Printf            0x111f   0x3c  Code  Gb  fsl_debug_console.o [1]
DbgConsole_SendDataReliable
                             0x1099   0x48  Code  Gb  fsl_debug_console.o [1]
EDMA_GetChannelStatusFlags
                              0xc15   0x46  Code  Gb  fsl_edma.o [1]
EDMA_HandleIRQ                0xc65   0xe2  Code  Gb  fsl_edma.o [1]
ENET_1588_Timer_IRQHandler
                             0x1dad   0x14  Code  Gb  fsl_enet.o [1]
ENET_Error_IRQHandler        0x1d99   0x14  Code  Gb  fsl_enet.o [1]
ENET_Receive_IRQHandler
                             0x1d85   0x14  Code  Gb  fsl_enet.o [1]
ENET_Transmit_IRQHandler
                             0x1d71   0x14  Code  Gb  fsl_enet.o [1]
HAL_UartSendBlocking         0x1601   0x58  Code  Gb  uart_adapter.o [1]
I2C0_DriverIRQHandler        0x194d    0xe  Code  Gb  fsl_i2c.o [1]
I2C1_DriverIRQHandler        0x195b    0xe  Code  Gb  fsl_i2c.o [1]
I2C2_DriverIRQHandler        0x1969    0xe  Code  Gb  fsl_i2c.o [1]
I2C3_DriverIRQHandler        0x197d    0xe  Code  Gb  fsl_i2c.o [1]
I2C_TransferCommonIRQHandler
                             0x1921   0x28  Code  Lc  fsl_i2c.o [1]
I2S0_Rx_DriverIRQHandler
                             0x1b1f   0x2a  Code  Gb  fsl_sai.o [1]
I2S0_Tx_DriverIRQHandler
                             0x1af5   0x2a  Code  Gb  fsl_sai.o [1]
LPUART0_DriverIRQHandler
                             0x1f31   0x14  Code  Gb  fsl_lpuart.o [1]
Region$$Table$$Base          0x1f78          --   Gb  - Linker created -
Region$$Table$$Limit         0x1f88          --   Gb  - Linker created -
SDHC_DriverIRQHandler        0x1e3d   0x2a  Code  Gb  fsl_sdhc.o [1]
SPI0_DriverIRQHandler        0x177f   0x24  Code  Gb  fsl_dspi.o [1]
SPI1_DriverIRQHandler        0x17a3   0x24  Code  Gb  fsl_dspi.o [1]
SPI2_DriverIRQHandler        0x17c7   0x24  Code  Gb  fsl_dspi.o [1]
SerialManager_StartWriting
                             0x1175   0x2a  Code  Lc  serial_manager.o [1]
SerialManager_Write          0x119f   0x68  Code  Lc  serial_manager.o [1]
SerialManager_WriteBlocking
                             0x1207    0x8  Code  Gb  serial_manager.o [1]
Serial_UartWrite             0x1535   0x50  Code  Gb  serial_port_uart.o [1]
StrFormatPrintf              0x12b5  0x246  Code  Gb  fsl_str.o [1]
SystemInit                   0x1e7d   0x28  Code  Gb  system_MK66F18.o [1]
UART0_DriverIRQHandler       0x1689   0x14  Code  Gb  fsl_uart.o [1]
UART0_RX_TX_DriverIRQHandler
                             0x169d    0xc  Code  Gb  fsl_uart.o [1]
UART1_DriverIRQHandler       0x16a9   0x14  Code  Gb  fsl_uart.o [1]
UART1_RX_TX_DriverIRQHandler
                             0x16bd    0xc  Code  Gb  fsl_uart.o [1]
UART2_DriverIRQHandler       0x16c9   0x14  Code  Gb  fsl_uart.o [1]
UART2_RX_TX_DriverIRQHandler
                             0x16dd    0xc  Code  Gb  fsl_uart.o [1]
UART3_DriverIRQHandler       0x16e9   0x14  Code  Gb  fsl_uart.o [1]
UART3_RX_TX_DriverIRQHandler
                             0x16fd    0xc  Code  Gb  fsl_uart.o [1]
UART4_DriverIRQHandler       0x1709   0x14  Code  Gb  fsl_uart.o [1]
UART4_RX_TX_DriverIRQHandler
                             0x1739    0xc  Code  Gb  fsl_uart.o [1]
UART_WriteBlocking           0x1671   0x18  Code  Gb  fsl_uart.o [1]
ZI$$Base                0x1fff'0000          --   Gb  - Linker created -
ZI$$Limit               0x1fff'0124          --   Gb  - Linker created -
__Vectors                       0x0          --   Gb  startup_MK66F18.o [1]
__Vectors_End                 0x400         Data  Gb  startup_MK66F18.o [1]
__Vectors_Size {Abs}          0x400          --   Gb  startup_MK66F18.o [1]
__aeabi_assert               0x1081   0x18  Code  Gb  fsl_assert.o [1]
__aeabi_memclr4              0x1225         Code  Gb  ABImemclr4.o [5]
__cmain                      0x1f8d         Code  Gb  cmain.o [5]
__exit                       0x1fd5   0x14  Code  Gb  exit.o [6]
__iar_Memset4_word           0x1595         Code  Gb  ABImemset48.o [5]
__iar_Memset8_word           0x1595         Code  Gb  ABImemset48.o [5]
__iar_data_init3             0x1f09   0x28  Code  Gb  data_init.o [5]
__iar_init_vfp               0x1f55         Code  Gb  fpinit_M.o [4]
__iar_program_start          0x20fd         Code  Gb  cstartup_M.o [5]
__iar_zero_init3             0x14fb   0x3a  Code  Gb  zero_init3.o [5]
__low_level_init             0x1fab    0x4  Code  Gb  low_level_init.o [2]
__vector_table                  0x0         Data  Gb  startup_MK66F18.o [1]
__vector_table_0x1c            0x1c         Data  Gb  startup_MK66F18.o [1]
_call_main                   0x1f99         Code  Gb  cmain.o [5]
_exit                        0x1fc9         Code  Gb  cexit.o [5]
_main                        0x1fa7         Code  Gb  cmain.o [5]
arm_sin_f32                  0x1815   0x8c  Code  Gb  arm_sin_f32.o [3]
exit                         0x1fc5    0x4  Code  Gb  exit.o [2]
g_dspiHandle            0x1fff'0020    0xc  Data  Lc  fsl_dspi.o [1]
g_serialHandle          0x1fff'001c    0x4  Data  Gb  fsl_debug_console.o [1]
main                         0x1fb1   0x14  Code  Gb  main.o [1]
s_EDMAHandle            0x1fff'0034   0x80  Data  Lc  fsl_edma.o [1]
s_ENETHandle            0x1fff'00b4    0x4  Data  Lc  fsl_enet.o [1]
s_UartAdapterBase            0x20a4   0x14  Data  Lc  uart_adapter.o [1]
s_debugConsoleState     0x1fff'0000   0x1c  Data  Lc  fsl_debug_console.o [1]
s_dspiMasterIsr         0x1fff'002c    0x4  Data  Lc  fsl_dspi.o [1]
s_dspiSlaveIsr          0x1fff'0030    0x4  Data  Lc  fsl_dspi.o [1]
s_enetErrIsr            0x1fff'00c0    0x4  Data  Lc  fsl_enet.o [1]
s_enetRxIsr             0x1fff'00bc    0x4  Data  Lc  fsl_enet.o [1]
s_enetTsIsr             0x1fff'00c4    0x4  Data  Lc  fsl_enet.o [1]
s_enetTxIsr             0x1fff'00b8    0x4  Data  Lc  fsl_enet.o [1]
s_flexcanHandle         0x1fff'00c8    0x8  Data  Lc  fsl_flexcan.o [1]
s_flexcanIsr            0x1fff'00d0    0x4  Data  Lc  fsl_flexcan.o [1]
s_i2cHandle             0x1fff'00d4   0x10  Data  Lc  fsl_i2c.o [1]
s_i2cMasterIsr          0x1fff'00e4    0x4  Data  Lc  fsl_i2c.o [1]
s_i2cSlaveIsr           0x1fff'00e8    0x4  Data  Lc  fsl_i2c.o [1]
s_lpuartHandle          0x1fff'00ec    0x4  Data  Lc  fsl_lpuart.o [1]
s_lpuartIsr             0x1fff'00f0    0x4  Data  Lc  fsl_lpuart.o [1]
s_saiHandle             0x1fff'00f4    0x8  Data  Lc  fsl_sai.o [1]
s_saiRxIsr              0x1fff'0100    0x4  Data  Lc  fsl_sai.o [1]
s_saiTxIsr              0x1fff'00fc    0x4  Data  Lc  fsl_sai.o [1]
s_sdhcHandle            0x1fff'0104    0x4  Data  Lc  fsl_sdhc.o [1]
s_sdhcIsr               0x1fff'0108    0x4  Data  Lc  fsl_sdhc.o [1]
s_uartHandle            0x1fff'010c   0x14  Data  Lc  fsl_uart.o [1]
s_uartIsr               0x1fff'0120    0x4  Data  Lc  fsl_uart.o [1]
sinTable_f32                  0x410  0x804  Data  Gb  arm_common_tables.o [3]
strlen                       0x15c9         Code  Gb  strlen.o [5]


[1] = C:\Users\CkovMk\Documents\GitHub\HTISIC_MK66F18\HITSIC_MK66F16_IAR\boards\HITSIC_MK66F18\__iar\Debug\Obj
[2] = dl7M_tlf.a
[3] = iar_cortexM4lf_math.a
[4] = m7M_tls.a
[5] = rt7M_tl.a
[6] = shb_l.a

  5 500 bytes of readonly  code memory
  3 438 bytes of readonly  data memory
  1 316 bytes of readwrite data memory

Errors: none
Warnings: none
